 mpc_tmp_sfun

 Timestamp is 53f86a12 (Sat Aug 23 15:46:50 2014)

 Preferred load address is 0000000180000000

 Start         Length     Name                   Class
 0001:00000000 00058560H .text                   CODE
 0001:00058560 00000092H .text$x                 CODE
 0002:00000000 00000468H .idata$5                DATA
 0002:00000468 00000008H .CRT$XCA                DATA
 0002:00000470 00000008H .CRT$XCZ                DATA
 0002:00000478 00000008H .CRT$XIA                DATA
 0002:00000480 00000008H .CRT$XIAA               DATA
 0002:00000488 00000008H .CRT$XIZ                DATA
 0002:00000490 00004bacH .rdata                  DATA
 0002:00005040 00000008H .rtc$IAA                DATA
 0002:00005048 00000008H .rtc$IZZ                DATA
 0002:00005050 00000008H .rtc$TAA                DATA
 0002:00005058 00000008H .rtc$TZZ                DATA
 0002:00005060 00004494H .xdata                  DATA
 0002:000094f4 0000008cH .idata$2                DATA
 0002:00009580 00000014H .idata$3                DATA
 0002:00009598 00000468H .idata$4                DATA
 0002:00009a00 00000a38H .idata$6                DATA
 0002:0000a440 00000052H .edata                  DATA
 0003:00000000 00021808H .data                   DATA
 0003:00021820 0002c158H .bss                    DATA
 0004:00000000 00003564H .pdata                  DATA

  Address         Publics by Value              Rva+Base               Lib:Object

 0000:00000000       ___safe_se_handler_table   0000000000000000     <absolute>
 0000:00000000       ___safe_se_handler_count   0000000000000000     <absolute>
 0000:00000000       __ImageBase                0000000180000000     <linker-defined>
 0001:00000000       sf_process_check_sum_call  0000000180001000 f   mpc_tmp_sfun_registry.obj
 0001:00000070       sf_process_autoinheritance_call 0000000180001070 f   mpc_tmp_sfun_registry.obj
 0001:000002b0       sf_process_get_eml_resolved_functions_info_call 00000001800012b0 f   mpc_tmp_sfun_registry.obj
 0001:000004a0       sf_mex_unlock_call         00000001800014a0 f   mpc_tmp_sfun_registry.obj
 0001:00000550       sf_machine_global_initializer_called 0000000180001550 f   mpc_tmp_sfun_registry.obj
 0001:00000580       sf_machine_global_method_dispatcher 0000000180001580 f   mpc_tmp_sfun_registry.obj
 0001:00000620       sf_machine_global_terminator 0000000180001620 f   mpc_tmp_sfun_registry.obj
 0001:00000660       sf_register_machine_exported_symbols 0000000180001660 f   mpc_tmp_sfun_registry.obj
 0001:00000690       callCustomFcn              0000000180001690 f   mpc_tmp_sfun_registry.obj
 0001:000006a0       sf_machine_global_initializer 00000001800016a0 f   mpc_tmp_sfun_registry.obj
 0001:00000720       _ssSetStateAbsTol          0000000180001720 f   mpc_tmp_sfun_registry.obj
 0001:00000800       _ssGetAbsTol               0000000180001800 f   mpc_tmp_sfun_registry.obj
 0001:00000870       _ssSetInputPortMatrixDimensions 0000000180001870 f   mpc_tmp_sfun_registry.obj
 0001:00000980       _ssSetOutputPortMatrixDimensions 0000000180001980 f   mpc_tmp_sfun_registry.obj
 0001:00000a90       _ssSetInputPortVectorDimension 0000000180001a90 f   mpc_tmp_sfun_registry.obj
 0001:00000b60       _ssSetOutputPortVectorDimension 0000000180001b60 f   mpc_tmp_sfun_registry.obj
 0001:00000c30       ssIsRunTimeParamTunable    0000000180001c30 f   mpc_tmp_sfun_registry.obj
 0001:00000ca0       ssGetSFuncBlockHandle      0000000180001ca0 f   mpc_tmp_sfun_registry.obj
 0001:00000d10       _ssGetCurrentInputPortWidth 0000000180001d10 f   mpc_tmp_sfun_registry.obj
 0001:00000e30       _ssGetCurrentOutputPortWidth 0000000180001e30 f   mpc_tmp_sfun_registry.obj
 0001:00000f50       _ssGetCallSystemNumFcnCallDestinations 0000000180001f50 f   mpc_tmp_sfun_registry.obj
 0001:00000fc0       ssWarning                  0000000180001fc0 f   mpc_tmp_sfun_registry.obj
 0001:000010d0       ssGetIsZeroCrossControlDisabled 00000001800020d0 f   mpc_tmp_sfun_registry.obj
 0001:00001140       ssSetIsInputPortUsedForContZcSignal 0000000180002140 f   mpc_tmp_sfun_registry.obj
 0001:000011b0       ssSetZcSignalIsZcElementDisc 00000001800021b0 f   mpc_tmp_sfun_registry.obj
 0001:00001260       ssSetZcSignalName          0000000180002260 f   mpc_tmp_sfun_registry.obj
 0001:000012d0       ssSetZcSignalWidth         00000001800022d0 f   mpc_tmp_sfun_registry.obj
 0001:00001340       ssSetZcSignalZcEventType   0000000180002340 f   mpc_tmp_sfun_registry.obj
 0001:000013b0       ssSetZcSignalType          00000001800023b0 f   mpc_tmp_sfun_registry.obj
 0001:00001420       ssSetZcSignalZcTol         0000000180002420 f   mpc_tmp_sfun_registry.obj
 0001:00001490       ssSetZcSignalNeedsEventNotification 0000000180002490 f   mpc_tmp_sfun_registry.obj
 0001:00001500       ssCreateAndAddZcSignalInfo 0000000180002500 f   mpc_tmp_sfun_registry.obj
 0001:00001570       ssCloneAndAddZcSignalInfo  0000000180002570 f   mpc_tmp_sfun_registry.obj
 0001:000015e0       ssGetNumZcSignals          00000001800025e0 f   mpc_tmp_sfun_registry.obj
 0001:00001650       ssGetZcSignalVector        0000000180002650 f   mpc_tmp_sfun_registry.obj
 0001:000016c0       ssGetZcSignalZcEvents      00000001800026c0 f   mpc_tmp_sfun_registry.obj
 0001:00001730       ssGetZcSignalName          0000000180002730 f   mpc_tmp_sfun_registry.obj
 0001:000017a0       ssGetZcSignalWidth         00000001800027a0 f   mpc_tmp_sfun_registry.obj
 0001:00001810       ssGetZcSignalZcEventType   0000000180002810 f   mpc_tmp_sfun_registry.obj
 0001:00001880       ssGetZcSignalType          0000000180002880 f   mpc_tmp_sfun_registry.obj
 0001:000018f0       ssGetZcSignalZcTol         00000001800028f0 f   mpc_tmp_sfun_registry.obj
 0001:00001970       ssGetZcSignalNeedsEventNotification 0000000180002970 f   mpc_tmp_sfun_registry.obj
 0001:000019e0       ssGetZcSignalIsZcElementDisc 00000001800029e0 f   mpc_tmp_sfun_registry.obj
 0001:00001a80       ssGetIsInputPortElementContinuous 0000000180002a80 f   mpc_tmp_sfun_registry.obj
 0001:00001b20       _ssGetInputPortSignalPtrsFcn 0000000180002b20 f   mpc_tmp_sfun_registry.obj
 0001:00001de0       _ssGetInputPortSignalFcn   0000000180002de0 f   mpc_tmp_sfun_registry.obj
 0001:00002000       _ssSetInputPortDirectFeedThroughFcn 0000000180003000 f   mpc_tmp_sfun_registry.obj
 0001:00002160       _ssSetInputPortReusableFcn 0000000180003160 f   mpc_tmp_sfun_registry.obj
 0001:00002250       _ssSetOutputPortReusableFcn 0000000180003250 f   mpc_tmp_sfun_registry.obj
 0001:00002330       ssGetDTypeIdFromMxArray    0000000180003330 f   mpc_tmp_sfun_registry.obj
 0001:00002450       ssWriteRTWStr              0000000180003450 f   mpc_tmp_sfun_registry.obj
 0001:000024b0       ssWriteRTWMxVectParam      00000001800034b0 f   mpc_tmp_sfun_registry.obj
 0001:00002510       ssWriteRTWMx2dMatParam     0000000180003510 f   mpc_tmp_sfun_registry.obj
 0001:00002590       ssWriteRTWNameValuePair    0000000180003590 f   mpc_tmp_sfun_registry.obj
 0001:00002a80       ssWriteRTWParameters       0000000180003a80 f   mpc_tmp_sfun_registry.obj
 0001:00003080       ssWriteRTWParamSettings    0000000180004080 f   mpc_tmp_sfun_registry.obj
 0001:00003750       ssWriteRTWWorkVect         0000000180004750 f   mpc_tmp_sfun_registry.obj
 0001:00003c50       mexFunction                0000000180004c50 f   mpc_tmp_sfun_registry.obj
 0001:00005890       ProcessMexSfunctionEveryCall 0000000180006890 f   mpc_tmp_sfun_registry.obj
 0001:00005a00       mpc_tmp_initializer        0000000180006a00 f   mpc_tmp_sfun.obj
 0001:00005a10       mpc_tmp_terminator         0000000180006a10 f   mpc_tmp_sfun.obj
 0001:00005a20       sf_mpc_tmp_method_dispatcher 0000000180006a20 f   mpc_tmp_sfun.obj
 0001:00005a40       sf_mpc_tmp_process_check_sum_call 0000000180006a40 f   mpc_tmp_sfun.obj
 0001:00005e40       sf_mpc_tmp_autoinheritance_info 0000000180006e40 f   mpc_tmp_sfun.obj
 0001:00005f60       sf_mpc_tmp_get_eml_resolved_functions_info 0000000180006f60 f   mpc_tmp_sfun.obj
 0001:00006040       mpc_tmp_debug_initialize   0000000180007040 f   mpc_tmp_sfun.obj
 0001:000060b0       mpc_tmp_register_exported_symbols 00000001800070b0 f   mpc_tmp_sfun.obj
 0001:000060c0       load_mpc_tmp_optimization_info 00000001800070c0 f   mpc_tmp_sfun.obj
 0001:00006110       unload_mpc_tmp_optimization_info 0000000180007110 f   mpc_tmp_sfun.obj
 0001:00006140       sf_send_message_wrapper    0000000180007140 f   sfc_mex:sfc_sf.obj
 0001:00006170       sf_receive_message_wrapper 0000000180007170 f   sfc_mex:sfc_sf.obj
 0001:000061b0       sf_check_out_message_wrapper 00000001800071b0 f   sfc_mex:sfc_sf.obj
 0001:000061f0       sf_check_in_message_wrapper 00000001800071f0 f   sfc_mex:sfc_sf.obj
 0001:00006230       sf_no_message_wrapper      0000000180007230 f   sfc_mex:sfc_sf.obj
 0001:000065c0       sim_mode_is_rtw_gen        00000001800075c0 f   sfc_mex:sfc_sf.obj
 0001:000065f0       sim_mode_is_external       00000001800075f0 f   sfc_mex:sfc_sf.obj
 0001:00006600       sim_mode_is_modelref_sim   0000000180007600 f   sfc_mex:sfc_sf.obj
 0001:00006620       mdlInitializeSizes         0000000180007620 f   sfc_mex:sfc_sf.obj
 0001:00006640       mdlInitializeSampleTimes   0000000180007640 f   sfc_mex:sfc_sf.obj
 0001:00006680       mdlZeroCrossings           0000000180007680 f   sfc_mex:sfc_sf.obj
 0001:00006760       mdlDerivatives             0000000180007760 f   sfc_mex:sfc_sf.obj
 0001:00006810       mdl_initialize_conditions_processing 0000000180007810 f   sfc_mex:sfc_sf.obj
 0001:00006840       mdlInitializeConditions    0000000180007840 f   sfc_mex:sfc_sf.obj
 0001:00006900       mdlGetSimState             0000000180007900 f   sfc_mex:sfc_sf.obj
 0001:00006910       mdlSetSimState             0000000180007910 f   sfc_mex:sfc_sf.obj
 0001:00006920       mdl_ext_mode_exec_processing 0000000180007920 f   sfc_mex:sfc_sf.obj
 0001:00006940       mdlExtModeExec             0000000180007940 f   sfc_mex:sfc_sf.obj
 0001:00006ad0       mdlTerminate               0000000180007ad0 f   sfc_mex:sfc_sf.obj
 0001:00006b40       mdlRTW                     0000000180007b40 f   sfc_mex:sfc_sf.obj
 0001:00006b70       mdlSetWorkWidths           0000000180007b70 f   sfc_mex:sfc_sf.obj
 0001:00006b80       mdlProcessParameters       0000000180007b80 f   sfc_mex:sfc_sf.obj
 0001:00006b90       mdl_start_processing       0000000180007b90 f   sfc_mex:sfc_sf.obj
 0001:00006bd0       mdlStart                   0000000180007bd0 f   sfc_mex:sfc_sf.obj
 0001:00006cc0       mdlEnable                  0000000180007cc0 f   sfc_mex:sfc_sf.obj
 0001:00006d90       mdlDisable                 0000000180007d90 f   sfc_mex:sfc_sf.obj
 0001:00006e40       sf_get_chart_instance_ptr  0000000180007e40 f   sfc_mex:sfc_sf.obj
 0001:00006e60       sf_load_rtw_optimization_info 0000000180007e60 f   sfc_mex:sfc_sf.obj
 0001:00006f30       sf_rtw_info_uint_prop      0000000180007f30 f   sfc_mex:sfc_sf.obj
 0001:00007070       sf_is_chart_inlinable      0000000180008070 f   sfc_mex:sfc_sf.obj
 0001:00007090       sf_mark_output_events_with_multiple_callers 0000000180008090 f   sfc_mex:sfc_sf.obj
 0001:00007220       sf_mark_chart_reusable_outputs 0000000180008220 f   sfc_mex:sfc_sf.obj
 0001:00007480       sf_mark_chart_expressionable_inputs 0000000180008480 f   sfc_mex:sfc_sf.obj
 0001:000076e0       sf_get_subchart_simstruct  00000001800086e0 f   sfc_mex:sfc_sf.obj
 0001:00007730       sf_get_fixpt_data_type_id  0000000180008730 f   sfc_mex:sfc_sf.obj
 0001:00007770       sf_get_enum_data_type_id   0000000180008770 f   sfc_mex:sfc_sf.obj
 0001:000077b0       sf_get_param_data_type_id  00000001800087b0 f   sfc_mex:sfc_sf.obj
 0001:000077e0       sf_mex_listen_for_ctrl_c_force 00000001800087e0 f   sfc_mex:sfc_sf.obj
 0001:000078f0       sf_mex_draw_now            00000001800088f0 f   sfc_mex:sfc_sf.obj
 0001:00007930       sf_mex_set_debugger_sim_status_listener_fcn 0000000180008930 f   sfc_mex:sfc_sf.obj
 0001:00007940       sf_mex_listen_for_ctrl_c   0000000180008940 f   sfc_mex:sfc_sf.obj
 0001:000079d0       sf_mex_get_sfun_param      00000001800089d0 f   sfc_mex:sfc_sf.obj
 0001:00007a20       sf_get_runtime_param_data  0000000180008a20 f   sfc_mex:sfc_sf.obj
 0001:00007a60       sf_call_output_fcn_call    0000000180008a60 f   sfc_mex:sfc_sf.obj
 0001:00007ba0       sf_call_output_fcn_enable  0000000180008ba0 f   sfc_mex:sfc_sf.obj
 0001:00007c30       sf_call_output_fcn_disable 0000000180008c30 f   sfc_mex:sfc_sf.obj
 0001:00007cc0       sf_clear_rtw_identifier    0000000180008cc0 f   sfc_mex:sfc_sf.obj
 0001:000084b0       sf_set_encoded_dwork_info  00000001800094b0 f   sfc_mex:sfc_sf.obj
 0001:00008500       sf_get_dwork_info_from_mat_file 0000000180009500 f   sfc_mex:sfc_sf.obj
 0001:000086c0       sf_set_rtw_dwork_info      00000001800096c0 f   sfc_mex:sfc_sf.obj
 0001:00008830       mdlOutputs                 0000000180009830 f   sfc_mex:sfc_sf.obj
 0001:000089d0       sf_mex_mx_is_numeric       00000001800099d0 f   sfc_mex:sfc_mex.obj
 0001:00008a10       strcmp_ignore_ws           0000000180009a10 f   sfc_mex:sfc_mex.obj
 0001:00008b50       sf_mex_duplicatearraysafe  0000000180009b50 f   sfc_mex:sfc_mex.obj
 0001:00008cb0       sf_set_error_debugger_context_message_fcn 0000000180009cb0 f   sfc_mex:sfc_mex.obj
 0001:00008cc0       sf_set_debugger_matlab_error_fcn 0000000180009cc0 f   sfc_mex:sfc_mex.obj
 0001:00008cf0       sf_set_error_prefix_string 0000000180009cf0 f   sfc_mex:sfc_mex.obj
 0001:00008d20       sf_get_error_prefix_string 0000000180009d20 f   sfc_mex:sfc_mex.obj
 0001:00008d30       sf_mex_enter_parallel_region 0000000180009d30 f   sfc_mex:sfc_mex.obj
 0001:00008d40       sf_mex_exit_parallel_region 0000000180009d40 f   sfc_mex:sfc_mex.obj
 0001:00008d50       sf_get_current_jmp_buf_ptr 0000000180009d50 f   sfc_mex:sfc_mex.obj
 0001:00008d60       sf_set_current_jmp_buf_ptr 0000000180009d60 f   sfc_mex:sfc_mex.obj
 0001:00008d70       sf_mex_set_halt_simulation 0000000180009d70 f   sfc_mex:sfc_mex.obj
 0001:00008d80       sf_mex_get_halt_simulation 0000000180009d80 f   sfc_mex:sfc_mex.obj
 0001:00008d90       sf_mex_clear_error_message 0000000180009d90 f   sfc_mex:sfc_mex.obj
 0001:00008db0       sf_mex_get_error_message_for_read 0000000180009db0 f   sfc_mex:sfc_mex.obj
 0001:00008dc0       sf_mex_get_error_message_buffer_length 0000000180009dc0 f   sfc_mex:sfc_mex.obj
 0001:00008ea0       sf_mex_warning_message     0000000180009ea0 f   sfc_mex:sfc_mex.obj
 0001:00008f10       sf_mex_v_errbuf_createf    0000000180009f10 f   sfc_mex:sfc_mex.obj
 0001:00008f20       sf_mex_errbuf_createf      0000000180009f20 f   sfc_mex:sfc_mex.obj
 0001:00008f50       sf_mex_v_errbuf_catf       0000000180009f50 f   sfc_mex:sfc_mex.obj
 0001:00008f90       sf_mex_errbuf_catf         0000000180009f90 f   sfc_mex:sfc_mex.obj
 0001:00008fe0       sf_mex_errbuf_copy         0000000180009fe0 f   sfc_mex:sfc_mex.obj
 0001:00008ff0       sf_mex_errbuf_clear        0000000180009ff0 f   sfc_mex:sfc_mex.obj
 0001:00009000       sf_mex_errbuf_isempty      000000018000a000 f   sfc_mex:sfc_mex.obj
 0001:00009110       sf_mex_set_error_status    000000018000a110 f   sfc_mex:sfc_mex.obj
 0001:00009160       sf_mex_error_direct_call   000000018000a160 f   sfc_mex:sfc_mex.obj
 0001:00009180       sf_mex_error_message_no_long_jump 000000018000a180 f   sfc_mex:sfc_mex.obj
 0001:000091a0       sf_mex_long_jump_on_error  000000018000a1a0 f   sfc_mex:sfc_mex.obj
 0001:000091d0       sf_mex_call_matlab         000000018000a1d0 f   sfc_mex:sfc_mex.obj
 0001:000092f0       sf_mex_check_builtin       000000018000a2f0 f   sfc_mex:sfc_mex.obj
 0001:00009330       sf_mex_check_builtin_vs    000000018000a330 f   sfc_mex:sfc_mex.obj
 0001:00009390       sf_mex_check_enum          000000018000a390 f   sfc_mex:sfc_mex.obj
 0001:000093c0       sf_mex_create_enum         000000018000a3c0 f   sfc_mex:sfc_mex.obj
 0001:000093e0       sf_mex_get_enum_element    000000018000a3e0 f   sfc_mex:sfc_mex.obj
 0001:000093f0       sf_mex_createcellarray     000000018000a3f0 f   sfc_mex:sfc_mex.obj
 0001:00009400       sf_mex_setcell             000000018000a400 f   sfc_mex:sfc_mex.obj
 0001:00009410       sf_mex_getcell             000000018000a410 f   sfc_mex:sfc_mex.obj
 0001:00009420       sf_mex_dup                 000000018000a420 f   sfc_mex:sfc_mex.obj
 0001:00009440       sf_mex_assign              000000018000a440 f   sfc_mex:sfc_mex.obj
 0001:000094c0       sf_mex_destroy             000000018000a4c0 f   sfc_mex:sfc_mex.obj
 0001:000094f0       mx_array_has_fi_type       000000018000a4f0 f   sfc_mex:sfc_mex.obj
 0001:00009520       sf_mex_convert_from_fi     000000018000a520 f   sfc_mex:sfc_mex.obj
 0001:000095d0       sf_mex_convert_to_double   000000018000a5d0 f   sfc_mex:sfc_mex.obj
 0001:000096f0       sf_mex_import_fi_vs        000000018000a6f0 f   sfc_mex:sfc_mex.obj
 0001:000098b0       sf_matrix_matrix_index_ok  000000018000a8b0 f   sfc_mex:sfc_mex.obj
 0001:00009940       sf_vector_vector_index_ok  000000018000a940 f   sfc_mex:sfc_mex.obj
 0001:00009970       ssGetCurrentInputPortDimensions_wrapper 000000018000a970 f   sfc_mex:sfc_mex.obj
 0001:00009990       ssGetCurrentOutputPortDimensions_wrapper 000000018000a990 f   sfc_mex:sfc_mex.obj
 0001:000099b0       sf_mex_emlrt_context_is_debug_mode 000000018000a9b0 f   sfc_mex:sfc_mex.obj
 0001:000099c0       sf_mex_emlrt_context_set_debug_mode 000000018000a9c0 f   sfc_mex:sfc_mex.obj
 0001:000099d0       sf_mex_emlrtNameCapturePostProcessR2012a 000000018000a9d0 f   sfc_mex:sfc_mex.obj
 0001:00009a40       sf_clear_error_manager_info 000000018000aa40 f   sfc_mex:sfc_mex.obj
 0001:00009aa0       sf_mex_stop_simulation_abruptly_wo_error 000000018000aaa0 f   sfc_mex:sfc_mex.obj
 0001:00009ae0       sf_mex_error_message       000000018000aae0 f   sfc_mex:sfc_mex.obj
 0001:00009b40       sf_react_to_error_in_matlab_call 000000018000ab40 f   sfc_mex:sfc_mex.obj
 0001:00009b70       sf_mex_addfield            000000018000ab70 f   sfc_mex:sfc_mex.obj
 0001:00009c10       sf_mex_getfield            000000018000ac10 f   sfc_mex:sfc_mex.obj
 0001:00009f10       sf_mex_check_class         000000018000af10 f   sfc_mex:sfc_mex.obj
 0001:00009fb0       sf_mex_is_real             000000018000afb0 f   sfc_mex:sfc_mex.obj
 0001:0000a420       sf_mex_decode_encoded_mx_struct_array 000000018000b420 f   sfc_mex:sfc_mex.obj
 0001:0000a700       sf_mex_lw_bounds_check     000000018000b700 f   sfc_mex:sfc_mex.obj
 0001:0000a730       sf_mex_lw_size_eq_check_1d 000000018000b730 f   sfc_mex:sfc_mex.obj
 0001:0000a750       sf_mex_lw_size_eq_check_nd 000000018000b750 f   sfc_mex:sfc_mex.obj
 0001:0000a930       sf_mex_lw_dim_size_eq_check 000000018000b930 f   sfc_mex:sfc_mex.obj
 0001:0000a960       sf_mex_lw_dim_size_geq_check 000000018000b960 f   sfc_mex:sfc_mex.obj
 0001:0000a990       sf_mex_lw_sub_assign_size_check_nd 000000018000b990 f   sfc_mex:sfc_mex.obj
 0001:0000abc0       sf_mex_lw_runtime_error_msgid 000000018000bbc0 f   sfc_mex:sfc_mex.obj
 0001:0000acb0       sf_mex_lw_matrix_matrix_index_check 000000018000bcb0 f   sfc_mex:sfc_mex.obj
 0001:0000acd0       sf_mex_lw_vector_vector_index_check 000000018000bcd0 f   sfc_mex:sfc_mex.obj
 0001:0000ad10       sf_mex_lw_for_loop_vector_check 000000018000bd10 f   sfc_mex:sfc_mex.obj
 0001:0000ad90       sf_mex_lw_non_negative_check 000000018000bd90 f   sfc_mex:sfc_mex.obj
 0001:0000add0       sf_mex_overflow_error      000000018000bdd0 f   sfc_mex:sfc_mex.obj
 0001:0000ade0       sf_mex_dividebyzero_error  000000018000bde0 f   sfc_mex:sfc_mex.obj
 0001:0000adf0       sf_mex_unsafe_enum_error   000000018000bdf0 f   sfc_mex:sfc_mex.obj
 0001:0000ae00       sf_emlrtErrHandler         000000018000be00 f   sfc_mex:sfc_mex.obj
 0001:0000aee0       sf_mex_size_one_check      000000018000bee0 f   sfc_mex:sfc_mex.obj
 0001:0000af00       sf_mex_printf              000000018000bf00 f   sfc_mex:sfc_mex.obj
 0001:0000b0d0       sf_mex_check_size          000000018000c0d0 f   sfc_mex:sfc_mex.obj
 0001:0000b3a0       sf_mex_check_struct        000000018000c3a0 f   sfc_mex:sfc_mex.obj
 0001:0000b600       sf_mex_check_struct_vs     000000018000c600 f   sfc_mex:sfc_mex.obj
 0001:0000b690       sf_mex_check_fi            000000018000c690 f   sfc_mex:sfc_mex.obj
 0001:0000b790       sf_mex_check_fi_vs         000000018000c790 f   sfc_mex:sfc_mex.obj
 0001:0000b830       sf_echo_expression         000000018000c830 f   sfc_mex:sfc_mex.obj
 0001:0000b890       sf_assertion_failed        000000018000c890 f   sfc_mex:sfc_mex.obj
 0001:0000bb70       sf_mex_evalin              000000018000cb70 f   sfc_mex:sfc_mex.obj
 0001:0000bde0       sf_mex_export              000000018000cde0 f   sfc_mex:sfc_mex.obj
 0001:0000bea0       sf_mex_get_ml_var_no_error 000000018000cea0 f   sfc_mex:sfc_mex.obj
 0001:0000c040       sf_mex_get_ml_var          000000018000d040 f   sfc_mex:sfc_mex.obj
 0001:0000c4e0       ml_set_element_value_in_array 000000018000d4e0 f   sfc_mex:sfc_mex.obj
 0001:0000dbb0       sf_mex_call_impl           000000018000ebb0 f   sfc_mex:sfc_mex.obj
 0001:0000e0e0       sf_mex_call_debug          000000018000f0e0 f   sfc_mex:sfc_mex.obj
 0001:0000e110       sf_mex_call                000000018000f110 f   sfc_mex:sfc_mex.obj
 0001:0000e760       sf_mex_createstruct        000000018000f760 f   sfc_mex:sfc_mex.obj
 0001:0000e850       sf_mex_createstructarray   000000018000f850 f   sfc_mex:sfc_mex.obj
 0001:0000e8d0       sf_mex_get_mx_datatype_from_sf_datatype 000000018000f8d0 f   sfc_mex:sfc_mex.obj
 0001:0000ebe0       sf_mex_ml_var_sub          000000018000fbe0 f   sfc_mex:sfc_mex.obj
 0001:0000edb0       sf_mex_ml_var_subsasgn     000000018000fdb0 f   sfc_mex:sfc_mex.obj
 0001:0000f1a0       sf_mex_sub                 00000001800101a0 f   sfc_mex:sfc_mex.obj
 0001:0000f3a0       sf_mex_subsasgn            00000001800103a0 f   sfc_mex:sfc_mex.obj
 0001:0000f880       sf_mex_create              0000000180010880 f   sfc_mex:sfc_mex.obj
 0001:000102d0       sf_mex_import_named        00000001800112d0 f   sfc_mex:sfc_mex.obj
 0001:00010330       sf_mex_import              0000000180011330 f   sfc_mex:sfc_mex.obj
 0001:00010380       sf_mex_import_vs           0000000180011380 f   sfc_mex:sfc_mex.obj
 0001:00010490       sf_mex_lower_fixpt_mx_array 0000000180011490 f   sfc_mex:sfc_mex.obj
 0001:00010820       sf_debug_disp              0000000180011820 f   sfc_debug:sfcdebug.obj
 0001:00010a80       sf_debug_data_runtime_size_mismatch_error_check 0000000180011a80 f   sfc_debug:sfcdebug.obj
 0001:00010b20       sf_debug_try_loading_machine 0000000180011b20 f   sfc_debug:sfcdebug.obj
 0001:00010c20       sf_debug_reset_current_state_configuration 0000000180011c20 f   sfc_debug:sfcdebug.obj
 0001:00010cb0       sf_debug_store_current_state_configuration 0000000180011cb0 f   sfc_debug:sfcdebug.obj
 0001:00010d40       sf_debug_restore_previous_state_configuration 0000000180011d40 f   sfc_debug:sfcdebug.obj
 0001:00010dd0       sf_debug_restore_previous_state_configuration2 0000000180011dd0 f   sfc_debug:sfcdebug.obj
 0001:00010e60       sf_debug_get_event_scope   0000000180011e60 f   sfc_debug:sfcdebug.obj
 0001:00010fd0       use_debugger_step_animation 0000000180011fd0 f   sfc_debug:sfcdebug.obj
 0001:00010ff0       sf_debug_get_script_id     0000000180011ff0 f   sfc_debug:sfcdebug.obj
 0001:00011080       sf_debug_set_script_translation 0000000180012080 f   sfc_debug:sfcdebug.obj
 0001:00011200       sf_debug_extract_message_post_receive_info 0000000180012200 f   sfc_debug:sfcdebug.obj
 0001:00011300       sf_debug_get_current_machine_id 0000000180012300 f   sfc_debug:sfcdebug.obj
 0001:00011320       sf_debug_get_current_optional_integer 0000000180012320 f   sfc_debug:sfcdebug.obj
 0001:00011330       sf_debug_get_current_machine_number 0000000180012330 f   sfc_debug:sfcdebug.obj
 0001:00011350       sf_debug_get_current_machine_name 0000000180012350 f   sfc_debug:sfcdebug.obj
 0001:00011370       sf_debug_get_current_chart_id 0000000180012370 f   sfc_debug:sfcdebug.obj
 0001:000113c0       sf_debug_get_current_chart_number 00000001800123c0 f   sfc_debug:sfcdebug.obj
 0001:000113d0       sf_debug_get_current_instance_number 00000001800123d0 f   sfc_debug:sfcdebug.obj
 0001:000113e0       sf_debug_get_current_is_minor_time_step 00000001800123e0 f   sfc_debug:sfcdebug.obj
 0001:00011460       sf_debug_get_current_object_type 0000000180012460 f   sfc_debug:sfcdebug.obj
 0001:00011470       sf_debug_get_current_instance_handle 0000000180012470 f   sfc_debug:sfcdebug.obj
 0001:000114d0       sf_debug_get_current_event_type 00000001800124d0 f   sfc_debug:sfcdebug.obj
 0001:000114e0       sf_debug_get_current_object_id 00000001800124e0 f   sfc_debug:sfcdebug.obj
 0001:00011520       sf_debug_get_current_active_event_type 0000000180012520 f   sfc_debug:sfcdebug.obj
 0001:00011530       sf_debug_get_current_active_event_id 0000000180012530 f   sfc_debug:sfcdebug.obj
 0001:00011570       sf_debug_get_current_tag_type 0000000180012570 f   sfc_debug:sfcdebug.obj
 0001:00011580       sf_debug_get_current_simulation_time 0000000180012580 f   sfc_debug:sfcdebug.obj
 0001:00011590       sf_debug_get_current_coverage_percentage 0000000180012590 f   sfc_debug:sfcdebug.obj
 0001:000115a0       sf_debug_current_statement_context 00000001800125a0 f   sfc_debug:sfcdebug.obj
 0001:00011630       sf_debug_get_current_statement_info 0000000180012630 f   sfc_debug:sfcdebug.obj
 0001:000117b0       sf_debug_terminate_instance 00000001800127b0 f   sfc_debug:sfcdebug.obj
 0001:00011af0       sf_debug_assertion_failed  0000000180012af0 f   sfc_debug:sfcdebug.obj
 0001:00011ca0       sf_debug_set_number_of_data_with_change_event_for_machine 0000000180012ca0 f   sfc_debug:sfcdebug.obj
 0001:00011ce0       sf_debug_set_machine_event_thresholds 0000000180012ce0 f   sfc_debug:sfcdebug.obj
 0001:00011d00       sf_debug_set_machine_event_scope 0000000180012d00 f   sfc_debug:sfcdebug.obj
 0001:00011d40       sf_debug_set_machine_data_thresholds 0000000180012d40 f   sfc_debug:sfcdebug.obj
 0001:00011d80       sf_debug_set_machine_data_scope 0000000180012d80 f   sfc_debug:sfcdebug.obj
 0001:00011e10       sf_debug_set_machine_data_name 0000000180012e10 f   sfc_debug:sfcdebug.obj
 0001:00011eb0       sf_debug_set_machine_data_size 0000000180012eb0 f   sfc_debug:sfcdebug.obj
 0001:00011ff0       sf_debug_set_machine_data_type 0000000180012ff0 f   sfc_debug:sfcdebug.obj
 0001:00012160       sf_debug_get_chart_data_number 0000000180013160 f   sfc_debug:sfcdebug.obj
 0001:00012180       sf_debug_get_chart_event_number 0000000180013180 f   sfc_debug:sfcdebug.obj
 0001:000121a0       sf_debug_set_chart_state_info 00000001800131a0 f   sfc_debug:sfcdebug.obj
 0001:00012220       sf_debug_set_chart_decomposition 0000000180013220 f   sfc_debug:sfcdebug.obj
 0001:00012290       sf_debug_set_chart_substate_count 0000000180013290 f   sfc_debug:sfcdebug.obj
 0001:00012370       sf_debug_set_chart_substate_index 0000000180013370 f   sfc_debug:sfcdebug.obj
 0001:000123e0       sf_debug_set_chart_state_substate_count 00000001800133e0 f   sfc_debug:sfcdebug.obj
 0001:000124f0       sf_debug_set_chart_state_substate_index 00000001800134f0 f   sfc_debug:sfcdebug.obj
 0001:00012570       sf_debug_set_number_of_data_with_change_event_for_chart 0000000180013570 f   sfc_debug:sfcdebug.obj
 0001:000125f0       sf_debug_set_number_of_states_with_entry_event_for_chart 00000001800135f0 f   sfc_debug:sfcdebug.obj
 0001:00012660       sf_debug_set_number_of_states_with_exit_event_for_chart 0000000180013660 f   sfc_debug:sfcdebug.obj
 0001:000126d0       sf_debug_set_chart_disable_implicit_casting 00000001800136d0 f   sfc_debug:sfcdebug.obj
 0001:00012740       sf_debug_set_chart_event_thresholds 0000000180013740 f   sfc_debug:sfcdebug.obj
 0001:000127b0       sf_debug_set_chart_data_compiled_props 00000001800137b0 f   sfc_debug:sfcdebug.obj
 0001:00012b00       sf_debug_set_chart_data_props 0000000180013b00 f   sfc_debug:sfcdebug.obj
 0001:00012e20       sf_debug_check_fi_license  0000000180013e20 f   sfc_debug:sfcdebug.obj
 0001:00013010       sf_debug_symbol_scope_push 0000000180014010 f   sfc_debug:sfcdebug.obj
 0001:00013050       sf_debug_symbol_scope_push_eml 0000000180014050 f   sfc_debug:sfcdebug.obj
 0001:000130a0       sf_debug_symbol_scope_pop  00000001800140a0 f   sfc_debug:sfcdebug.obj
 0001:000130e0       sf_debug_symbol_scope_add_importable 00000001800140e0 f   sfc_debug:sfcdebug.obj
 0001:00013160       sf_debug_symbol_scope_add  0000000180014160 f   sfc_debug:sfcdebug.obj
 0001:000131e0       sf_debug_symbol_scope_add_dyn_importable 00000001800141e0 f   sfc_debug:sfcdebug.obj
 0001:000132a0       sf_debug_symbol_scope_add_dyn 00000001800142a0 f   sfc_debug:sfcdebug.obj
 0001:000132d0       sf_debug_symbol_scope_add_eml_importable 00000001800142d0 f   sfc_debug:sfcdebug.obj
 0001:00013310       sf_debug_symbol_scope_add_eml 0000000180014310 f   sfc_debug:sfcdebug.obj
 0001:00013350       sf_debug_symbol_scope_add_eml_dyn_importable 0000000180014350 f   sfc_debug:sfcdebug.obj
 0001:000133c0       sf_debug_symbol_scope_add_eml_dyn 00000001800143c0 f   sfc_debug:sfcdebug.obj
 0001:00013420       sf_debug_symbol_switch     0000000180014420 f   sfc_debug:sfcdebug.obj
 0001:00013440       sf_debug_symbol_scope_add_verbose 0000000180014440 f   sfc_debug:sfcdebug.obj
 0001:00013510       sf_debug_set_machine_data_value_ptr 0000000180014510 f   sfc_debug:sfcdebug.obj
 0001:00013550       sf_debug_set_instance_data_value_ptr 0000000180014550 f   sfc_debug:sfcdebug.obj
 0001:00013610       sf_debug_unset_instance_data_value_ptr 0000000180014610 f   sfc_debug:sfcdebug.obj
 0001:000136c0       sf_debug_set_chart_event_scope 00000001800146c0 f   sfc_debug:sfcdebug.obj
 0001:00013740       sf_debug_set_chart_transition_coverage_maps 0000000180014740 f   sfc_debug:sfcdebug.obj
 0001:00013850       sf_debug_set_chart_state_coverage_maps 0000000180014850 f   sfc_debug:sfcdebug.obj
 0001:00013930       sf_debug_set_instance_transition_coverage_weights 0000000180014930 f   sfc_debug:sfcdebug.obj
 0001:000139d0       sf_debug_set_instance_state_coverage_weights 00000001800149d0 f   sfc_debug:sfcdebug.obj
 0001:00013c20       sf_debug_unload_machine    0000000180014c20 f   sfc_debug:sfcdebug.obj
 0001:00013c70       sf_debug_load_machine      0000000180014c70 f   sfc_debug:sfcdebug.obj
 0001:00013d70       sf_debug_set_active_instance_in_data_dictionary 0000000180014d70 f   sfc_debug:sfcdebug.obj
 0001:00013f50       sf_debug_set_active_instance 0000000180014f50 f   sfc_debug:sfcdebug.obj
 0001:00014090       sf_debug_chart_visiblity_change 0000000180015090 f   sfc_debug:sfcdebug.obj
 0001:00014170       sf_debug_select_chart      0000000180015170 f   sfc_debug:sfcdebug.obj
 0001:00014240       sf_debug_set_instance_cv_ids 0000000180015240 f   sfc_debug:sfcdebug.obj
 0001:00014550       sf_debug_select_charts     0000000180015550 f   sfc_debug:sfcdebug.obj
 0001:00014690       sf_debug_initialized       0000000180015690 f   sfc_debug:sfcdebug.obj
 0001:000146a0       sf_debug_is_uninterruptible 00000001800156a0 f   sfc_debug:sfcdebug.obj
 0001:000146d0       sf_debug_initialize_debugger_gui 00000001800156d0 f   sfc_debug:sfcdebug.obj
 0001:00014ac0       sf_debug_resume            0000000180015ac0 f   sfc_debug:sfcdebug.obj
 0001:00014ae0       sf_debug_go                0000000180015ae0 f   sfc_debug:sfcdebug.obj
 0001:00014af0       sf_debug_break             0000000180015af0 f   sfc_debug:sfcdebug.obj
 0001:00014b00       sf_debug_step_over         0000000180015b00 f   sfc_debug:sfcdebug.obj
 0001:00014b10       sf_debug_step_out          0000000180015b10 f   sfc_debug:sfcdebug.obj
 0001:00014b20       sf_debug_set_disable_all_breakpoints 0000000180015b20 f   sfc_debug:sfcdebug.obj
 0001:00014b30       sf_debug_disable_all_breakpoints_and_go 0000000180015b30 f   sfc_debug:sfcdebug.obj
 0001:00014b40       sf_debug_break_on_chart_entry 0000000180015b40 f   sfc_debug:sfcdebug.obj
 0001:00014b50       sf_debug_break_on_event_broadcast 0000000180015b50 f   sfc_debug:sfcdebug.obj
 0001:00014b60       sf_debug_break_on_state_entry 0000000180015b60 f   sfc_debug:sfcdebug.obj
 0001:00014b70       sf_debug_break_between_times 0000000180015b70 f   sfc_debug:sfcdebug.obj
 0001:00014b90       sf_debug_browse_data       0000000180015b90 f   sfc_debug:sfcdebug.obj
 0001:00014bb0       sf_debug_watch_data        0000000180015bb0 f   sfc_debug:sfcdebug.obj
 0001:00014bd0       sf_debug_assign_data       0000000180015bd0 f   sfc_debug:sfcdebug.obj
 0001:00014bf0       sf_debug_whos              0000000180015bf0 f   sfc_debug:sfcdebug.obj
 0001:00014c10       sf_debug_get_consistency_info 0000000180015c10 f   sfc_debug:sfcdebug.obj
 0001:00014c20       sf_debug_browse_trace      0000000180015c20 f   sfc_debug:sfcdebug.obj
 0001:00014c30       sf_debug_set_breakpoints   0000000180015c30 f   sfc_debug:sfcdebug.obj
 0001:00014d90       sf_debug_set_eml_breakpoints 0000000180015d90 f   sfc_debug:sfcdebug.obj
 0001:00014ef0       sf_debug_set_script_breakpoints 0000000180015ef0 f   sfc_debug:sfcdebug.obj
 0001:00014f70       sf_debug_add_script_breakpoints 0000000180015f70 f   sfc_debug:sfcdebug.obj
 0001:00014fe0       sf_debug_clear_script_breakpoints 0000000180015fe0 f   sfc_debug:sfcdebug.obj
 0001:00015050       sf_debug_query_script_breakpoints 0000000180016050 f   sfc_debug:sfcdebug.obj
 0001:00015110       sf_debug_get_eml_script_id 0000000180016110 f   sfc_debug:sfcdebug.obj
 0001:00015160       sf_debug_set_watch         0000000180016160 f   sfc_debug:sfcdebug.obj
 0001:00015390       sf_debug_get_instance_handle 0000000180016390 f   sfc_debug:sfcdebug.obj
 0001:00015420       sf_debug_get_active_states 0000000180016420 f   sfc_debug:sfcdebug.obj
 0001:00015430       sf_debug_get_animation     0000000180016430 f   sfc_debug:sfcdebug.obj
 0001:00015440       sf_debug_set_animation     0000000180016440 f   sfc_debug:sfcdebug.obj
 0001:00015450       sf_debug_animate           0000000180016450 f   sfc_debug:sfcdebug.obj
 0001:00015480       sf_debug_cycle_detection_check 0000000180016480 f   sfc_debug:sfcdebug.obj
 0001:00015490       sf_debug_data_range_check  0000000180016490 f   sfc_debug:sfcdebug.obj
 0001:000154a0       sf_debug_transition_conflict_check 00000001800164a0 f   sfc_debug:sfcdebug.obj
 0001:000154b0       sf_debug_state_consistency_check 00000001800164b0 f   sfc_debug:sfcdebug.obj
 0001:000154c0       sf_debug_data_range_check_enabled 00000001800164c0 f   sfc_debug:sfcdebug.obj
 0001:000154e0       sf_debug_transition_conflict_check_enabled 00000001800164e0 f   sfc_debug:sfcdebug.obj
 0001:00015500       sf_debug_transition_conflict_check_begin 0000000180016500 f   sfc_debug:sfcdebug.obj
 0001:00015520       sf_debug_transition_conflict_check_end 0000000180016520 f   sfc_debug:sfcdebug.obj
 0001:00015540       sf_debug_stop_debugging    0000000180016540 f   sfc_debug:sfcdebug.obj
 0001:00015570       sf_debug_is_cycle_detected 0000000180016570 f   sfc_debug:sfcdebug.obj
 0001:00015580       sf_debug_is_array_bounds_detected 0000000180016580 f   sfc_debug:sfcdebug.obj
 0001:00015590       sf_debug_get_state_vectors_data_size 0000000180016590 f   sfc_debug:sfcdebug.obj
 0001:000155d0       sf_debug_get_state_vectors_data 00000001800165d0 f   sfc_debug:sfcdebug.obj
 0001:000156d0       sf_debug_set_state_vectors_data 00000001800166d0 f   sfc_debug:sfcdebug.obj
 0001:00015990       sf_debug_get_script_index  0000000180016990 f   sfc_debug:sfcdebug.obj
 0001:00015b20       sf_debug_add_script        0000000180016b20 f   sfc_debug:sfcdebug.obj
 0001:00015cb0       cv_eval_point              0000000180016cb0 f   sfc_debug:sfcdebug.obj
 0001:00015e20       cv_eval_testobjective      0000000180016e20 f   sfc_debug:sfcdebug.obj
 0001:00015f40       sf_debug_cv_init_state     0000000180016f40 f   sfc_debug:sfcdebug.obj
 0001:00016060       sf_debug_cv_init_chart     0000000180017060 f   sfc_debug:sfcdebug.obj
 0001:00016140       sf_debug_cv_init_trans     0000000180017140 f   sfc_debug:sfcdebug.obj
 0001:00016240       sf_debug_cv_init_testobjectives 0000000180017240 f   sfc_debug:sfcdebug.obj
 0001:00016420       cv_eml_init_script         0000000180017420 f   sfc_debug:sfcdebug.obj
 0001:00016520       cv_eml_init_fcn            0000000180017520 f   sfc_debug:sfcdebug.obj
 0001:000165d0       cv_eml_init_testobjective  00000001800175d0 f   sfc_debug:sfcdebug.obj
 0001:000166a0       cv_eml_init_if             00000001800176a0 f   sfc_debug:sfcdebug.obj
 0001:00016770       cv_eml_init_for            0000000180017770 f   sfc_debug:sfcdebug.obj
 0001:00016830       cv_eml_init_while          0000000180017830 f   sfc_debug:sfcdebug.obj
 0001:000168f0       cv_eml_init_mcdc           00000001800178f0 f   sfc_debug:sfcdebug.obj
 0001:00016a00       cv_eml_init_switch         0000000180017a00 f   sfc_debug:sfcdebug.obj
 0001:00016af0       cv_eml_eval                0000000180017af0 f   sfc_debug:sfcdebug.obj
 0001:00016bd0       sf_debug_bm_is_a_eml_breakpoint 0000000180017bd0 f   sfc_debug:sfcdebug.obj
 0001:00016d20       sf_debug_temporal_threshold 0000000180017d20 f   sfc_debug:sfcdebug.obj
 0001:00017080       sf_debug_transition_conflict_error 0000000180018080 f   sfc_debug:sfcdebug.obj
 0001:00017400       sf_debug_state_inconsistency_error 0000000180018400 f   sfc_debug:sfcdebug.obj
 0001:00017520       sf_debug_check_for_state_inconsistency 0000000180018520 f   sfc_debug:sfcdebug.obj
 0001:00017550       sf_debug_cycle_detecton_error 0000000180018550 f   sfc_debug:sfcdebug.obj
 0001:00017d40       sf_debug_size_eq_check_1d  0000000180018d40 f   sfc_debug:sfcdebug.obj
 0001:00017d60       sf_debug_size_eq_check_nd  0000000180018d60 f   sfc_debug:sfcdebug.obj
 0001:00017f40       sf_debug_dim_size_eq_check 0000000180018f40 f   sfc_debug:sfcdebug.obj
 0001:00017f70       sf_debug_dim_size_geq_check 0000000180018f70 f   sfc_debug:sfcdebug.obj
 0001:00017fa0       sf_debug_sub_assign_size_check_nd 0000000180018fa0 f   sfc_debug:sfcdebug.obj
 0001:000181e0       sf_debug_matrix_matrix_index_check 00000001800191e0 f   sfc_debug:sfcdebug.obj
 0001:00018210       sf_debug_vector_vector_index_check 0000000180019210 f   sfc_debug:sfcdebug.obj
 0001:00018240       sf_debug_for_loop_vector_check 0000000180019240 f   sfc_debug:sfcdebug.obj
 0001:000182c0       sf_debug_runtime_error_msgid 00000001800192c0 f   sfc_debug:sfcdebug.obj
 0001:00018350       sf_debug_data_array_bounds_error_check 0000000180019350 f   sfc_debug:sfcdebug.obj
 0001:00018460       sf_debug_eml_data_array_bounds_error_check 0000000180019460 f   sfc_debug:sfcdebug.obj
 0001:00018940       sf_debug_integer_check     0000000180019940 f   sfc_debug:sfcdebug.obj
 0001:00018a20       sf_debug_not_nan_check     0000000180019a20 f   sfc_debug:sfcdebug.obj
 0001:00018ae0       sf_debug_non_negative_check 0000000180019ae0 f   sfc_debug:sfcdebug.obj
 0001:00018ba0       sf_debug_overflow_detection 0000000180019ba0 f   sfc_debug:sfcdebug.obj
 0001:00019290       sf_debug_cast_to_real32_T  000000018001a290 f   sfc_debug:sfcdebug.obj
 0001:00019350       sf_debug_cast_to_int8_T    000000018001a350 f   sfc_debug:sfcdebug.obj
 0001:00019410       sf_debug_cast_to_uint8_T   000000018001a410 f   sfc_debug:sfcdebug.obj
 0001:000194d0       sf_debug_cast_to_int16_T   000000018001a4d0 f   sfc_debug:sfcdebug.obj
 0001:00019590       sf_debug_cast_to_uint16_T  000000018001a590 f   sfc_debug:sfcdebug.obj
 0001:00019650       sf_debug_cast_to_int32_T   000000018001a650 f   sfc_debug:sfcdebug.obj
 0001:00019710       sf_debug_cast_to_uint32_T  000000018001a710 f   sfc_debug:sfcdebug.obj
 0001:000197d0       sf_debug_data_range_error  000000018001a7d0 f   sfc_debug:sfcdebug.obj
 0001:00019b20       sf_debug_read_before_write_check 000000018001ab20 f   sfc_debug:sfcdebug.obj
 0001:00019f10       sf_debug_data_range_error_wrapper_min_max 000000018001af10 f   sfc_debug:sfcdebug.obj
 0001:0001a000       sf_debug_data_range_error_wrapper_min 000000018001b000 f   sfc_debug:sfcdebug.obj
 0001:0001a0e0       sf_debug_data_range_error_wrapper_max 000000018001b0e0 f   sfc_debug:sfcdebug.obj
 0001:0001a1c0       sf_debug_data_range_wrapper 000000018001b1c0 f   sfc_debug:sfcdebug.obj
 0001:0001a270       sf_debug_set_current_status_info 000000018001b270 f   sfc_debug:sfcdebug.obj
 0001:0001a620       sf_debug_register_message_post_receive_info 000000018001b620 f   sfc_debug:sfcdebug.obj
 0001:0001a890       sf_debug_call              000000018001b890 f   sfc_debug:sfcdebug.obj
 0001:0001b750       sf_debug_initialize_machine 000000018001c750 f   sfc_debug:sfcdebug.obj
 0001:0001ba60       sf_debug_initialize_chart  000000018001ca60 f   sfc_debug:sfcdebug.obj
 0001:0001bf40       sf_debug_ensure_script     000000018001cf40 f   sfc_debug:sfcdebug.obj
 0001:0001c000       cv_script_init_script      000000018001d000 f   sfc_debug:sfcdebug.obj
 0001:0001c0e0       cv_script_init_fcn         000000018001d0e0 f   sfc_debug:sfcdebug.obj
 0001:0001c190       cv_script_init_testobjective 000000018001d190 f   sfc_debug:sfcdebug.obj
 0001:0001c240       cv_script_init_if          000000018001d240 f   sfc_debug:sfcdebug.obj
 0001:0001c2f0       cv_script_init_for         000000018001d2f0 f   sfc_debug:sfcdebug.obj
 0001:0001c3a0       cv_script_init_while       000000018001d3a0 f   sfc_debug:sfcdebug.obj
 0001:0001c450       cv_script_init_mcdc        000000018001d450 f   sfc_debug:sfcdebug.obj
 0001:0001c550       cv_script_init_switch      000000018001d550 f   sfc_debug:sfcdebug.obj
 0001:0001c630       cv_script_eval             000000018001d630 f   sfc_debug:sfcdebug.obj
 0001:0001c710       eml_debug_line_call        000000018001d710 f   sfc_debug:sfcdebug.obj
 0001:0001c8c0       sf_debug_terminate         000000018001d8c0 f   sfc_debug:sfcdebug.obj
 0001:0001ca30       sf_debug_set_script_cv_ids 000000018001da30 f   sfc_debug:sfcdebug.obj
 0001:0001cb60       sf_debug_api               000000018001db60 f   sfc_debug:sfc_api.obj
 0001:0001e340       sf_debug_sm_terminate      000000018001f340 f   sfc_debug:sfdb_animation.obj
 0001:0001e500       sf_debug_reset_path_objects 000000018001f500 f   sfc_debug:sfdb_animation.obj
 0001:0001e580       sf_debug_sm_reset_object_selection_status 000000018001f580 f   sfc_debug:sfdb_animation.obj
 0001:0001e620       sf_debug_sm_reset_state_buffer 000000018001f620 f   sfc_debug:sfdb_animation.obj
 0001:0001e6f0       sf_debug_sm_store_state_buffer 000000018001f6f0 f   sfc_debug:sfdb_animation.obj
 0001:0001e770       sf_debug_sm_restore_state_buffer1 000000018001f770 f   sfc_debug:sfdb_animation.obj
 0001:0001e7e0       sf_debug_sm_restore_state_buffer2 000000018001f7e0 f   sfc_debug:sfdb_animation.obj
 0001:0001e850       sf_debug_sm_chart_active   000000018001f850 f   sfc_debug:sfdb_animation.obj
 0001:0001e8a0       sf_debug_sm_select_active_objects 000000018001f8a0 f   sfc_debug:sfdb_animation.obj
 0001:0001ed50       sf_debug_sm_is_chart_active 000000018001fd50 f   sfc_debug:sfdb_animation.obj
 0001:0001ed90       sf_debug_sm_is_state_active 000000018001fd90 f   sfc_debug:sfdb_animation.obj
 0001:0001efd0       sf_debug_sm_get_active_states 000000018001ffd0 f   sfc_debug:sfdb_animation.obj
 0001:0001f590       sf_debug_sm_initialize_instance 0000000180020590 f   sfc_debug:sfdb_animation.obj
 0001:0001f7e0       sf_debug_sm_change_object_selection_status 00000001800207e0 f   sfc_debug:sfdb_animation.obj
 0001:0001fad0       cv_create_interface        0000000180020ad0 f   sfc_debug:cv_sfinterface.obj
 0001:0001fe30       cv_init_trans              0000000180020e30 f   sfc_debug:cv_sfinterface.obj
 0001:0001fe80       cv_init_testobjective      0000000180020e80 f   sfc_debug:cv_sfinterface.obj
 0001:0001fec0       cv_init_state              0000000180020ec0 f   sfc_debug:cv_sfinterface.obj
 0001:0001ff30       cv_init_chart              0000000180020f30 f   sfc_debug:cv_sfinterface.obj
 0001:0001ff80       cv_dec_update_call         0000000180020f80 f   sfc_debug:cv_sfinterface.obj
 0001:0001ffc0       cv_cond_update_call        0000000180020fc0 f   sfc_debug:cv_sfinterface.obj
 0001:00020000       cv_testobjective_update_call 0000000180021000 f   sfc_debug:cv_sfinterface.obj
 0001:00020040       cv_sigrange_update         0000000180021040 f   sfc_debug:cv_sfinterface.obj
 0001:00020080       cvsf_eml_eval              0000000180021080 f   sfc_debug:cv_sfinterface.obj
 0001:00020160       cvsf_eml_init_script       0000000180021160 f   sfc_debug:cv_sfinterface.obj
 0001:000201e0       cvsf_eml_init_fcn          00000001800211e0 f   sfc_debug:cv_sfinterface.obj
 0001:00020240       cvsf_eml_init_testobjective 0000000180021240 f   sfc_debug:cv_sfinterface.obj
 0001:000202a0       cvsf_eml_init_if           00000001800212a0 f   sfc_debug:cv_sfinterface.obj
 0001:00020300       cvsf_eml_init_for          0000000180021300 f   sfc_debug:cv_sfinterface.obj
 0001:00020350       cvsf_eml_init_while        0000000180021350 f   sfc_debug:cv_sfinterface.obj
 0001:000203a0       cvsf_eml_init_mcdc         00000001800213a0 f   sfc_debug:cv_sfinterface.obj
 0001:00020430       cvsf_eml_init_switch       0000000180021430 f   sfc_debug:cv_sfinterface.obj
 0001:000204a0       cvsf_script_eval           00000001800214a0 f   sfc_debug:cv_sfinterface.obj
 0001:00020580       cvsf_script_init_script    0000000180021580 f   sfc_debug:cv_sfinterface.obj
 0001:00020600       cvsf_script_init_fcn       0000000180021600 f   sfc_debug:cv_sfinterface.obj
 0001:00020660       cvsf_script_init_testobjective 0000000180021660 f   sfc_debug:cv_sfinterface.obj
 0001:000206c0       cvsf_script_init_if        00000001800216c0 f   sfc_debug:cv_sfinterface.obj
 0001:00020720       cvsf_script_init_for       0000000180021720 f   sfc_debug:cv_sfinterface.obj
 0001:00020770       cvsf_script_init_while     0000000180021770 f   sfc_debug:cv_sfinterface.obj
 0001:000207c0       cvsf_script_init_mcdc      00000001800217c0 f   sfc_debug:cv_sfinterface.obj
 0001:00020850       cvsf_script_init_switch    0000000180021850 f   sfc_debug:cv_sfinterface.obj
 0001:000208c0       cv_destroy_interface       00000001800218c0 f   sfc_debug:cv_sfinterface.obj
 0001:000208e0       cv_create_instance_objects 00000001800218e0 f   sfc_debug:cv_sfinterface.obj
 0001:00020d90       cv_is_enabled              0000000180021d90 f   sfc_debug:cv_sfinterface.obj
 0001:00020da0       sf_debug_cv_initialize_script 0000000180021da0 f   sfc_debug:cv_sfinterface.obj
 0001:00020f50       sf_debug_cv_initialize_instance 0000000180021f50 f   sfc_debug:cv_sfinterface.obj
 0001:000212f0       sf_debug_cv_terminate_chart 00000001800222f0 f   sfc_debug:cv_sfinterface.obj
 0001:00021430       cv_call_trans_test         0000000180022430 f   sfc_debug:cv_sfinterface.obj
 0001:00021440       cv_call_sub_cond_test      0000000180022440 f   sfc_debug:cv_sfinterface.obj
 0001:00021480       sf_debug_st_initialize_machine 0000000180022480 f   sfc_debug:sfdb_data_browse.obj
 0001:00021540       sf_debug_st_initialize_instance 0000000180022540 f   sfc_debug:sfdb_data_browse.obj
 0001:00021770       sf_debug_st_terminate      0000000180022770 f   sfc_debug:sfdb_data_browse.obj
 0001:00021b10       sf_debug_st_set_data_value_ptr_in_machine 0000000180022b10 f   sfc_debug:sfdb_data_browse.obj
 0001:00021ba0       sf_debug_st_set_data_value_ptr_in_instance 0000000180022ba0 f   sfc_debug:sfdb_data_browse.obj
 0001:00021c80       sf_debug_st_unset_data_value_ptr_in_machine 0000000180022c80 f   sfc_debug:sfdb_data_browse.obj
 0001:00021cf0       sf_debug_st_unset_data_value_ptr_in_instance 0000000180022cf0 f   sfc_debug:sfdb_data_browse.obj
 0001:00022000       sf_debug_mx_value          0000000180023000 f   sfc_debug:sfdb_data_browse.obj
 0001:00022060       sf_debug_mx_packed_vector  0000000180023060 f   sfc_debug:sfdb_data_browse.obj
 0001:00022140       sf_debug_mx_uint_vector    0000000180023140 f   sfc_debug:sfdb_data_browse.obj
 0001:00022200       sf_debug_st_get_double_value_from_void_ptr_vector 0000000180023200 f   sfc_debug:sfdb_data_browse.obj
 0001:00022cf0       sf_debug_st_browse_data    0000000180023cf0 f   sfc_debug:sfdb_data_browse.obj
 0001:00023580       sf_debug_hm_initialize_instance 0000000180024580 f   sfc_debug:sfdb_handle_management.obj
 0001:00023b00       sf_debug_hm_get_object_id  0000000180024b00 f   sfc_debug:sfdb_handle_management.obj
 0001:00025a70       sf_debug_object_is_eml_function 0000000180026a70 f   sfc_debug:sfdb_handle_management.obj
 0001:00025ae0       sf_debug_hm_initialize_ids_in_machine 0000000180026ae0 f   sfc_debug:sfdb_handle_management.obj
 0001:00025c50       sf_debug_hm_initialize_ids_in_chart 0000000180026c50 f   sfc_debug:sfdb_handle_management.obj
 0001:00025d90       sf_debug_hm_initialize_chart 0000000180026d90 f   sfc_debug:sfdb_handle_management.obj
 0001:00026540       sf_debug_hm_terminate      0000000180027540 f   sfc_debug:sfdb_handle_management.obj
 0001:000265a0       sf_debug_hm_initialize_machine 00000001800275a0 f   sfc_debug:sfdb_handle_management.obj
 0001:00026d50       sf_debug_ss_initialize     0000000180027d50 f   sfc_debug:sfdb_symbol_scope.obj
 0001:00026d70       sf_debug_ss_terminate      0000000180027d70 f   sfc_debug:sfdb_symbol_scope.obj
 0001:00026e00       sf_debug_ss_push_symbol_scope 0000000180027e00 f   sfc_debug:sfdb_symbol_scope.obj
 0001:00026f00       sf_debug_ss_push_symbol_scope_eml 0000000180027f00 f   sfc_debug:sfdb_symbol_scope.obj
 0001:00026f60       sf_debug_ss_pop_symbol_scope 0000000180027f60 f   sfc_debug:sfdb_symbol_scope.obj
 0001:00027010       sf_debug_ss_add_symbol     0000000180028010 f   sfc_debug:sfdb_symbol_scope.obj
 0001:00027170       sf_debug_ss_add_symbol_eml 0000000180028170 f   sfc_debug:sfdb_symbol_scope.obj
 0001:00027e50       sf_debug_ss_set_data_value 0000000180028e50 f   sfc_debug:sfdb_symbol_scope.obj
 0001:000282f0       sf_debug_ss_watch_data     00000001800292f0 f   sfc_debug:sfdb_symbol_scope.obj
 0001:00028390       sf_debug_ss_assign_data    0000000180029390 f   sfc_debug:sfdb_symbol_scope.obj
 0001:00028d90       get_data_entry_name        0000000180029d90 f   sfc_debug:sfdb_symbol_scope.obj
 0001:00028de0       sf_debug_ss_whos           0000000180029de0 f   sfc_debug:sfdb_symbol_scope.obj
 0001:000294f0       sf_debug_cc_initialize_chart 000000018002a4f0 f   sfc_debug:sfdb_coverage.obj
 0001:00029ee0       sf_debug_cc_initialize_instance 000000018002aee0 f   sfc_debug:sfdb_coverage.obj
 0001:0002ace0       sf_debug_cc_terminate      000000018002bce0 f   sfc_debug:sfdb_coverage.obj
 0001:0002add0       sf_debug_cc_set_transition_maps 000000018002bdd0 f   sfc_debug:sfdb_coverage.obj
 0001:0002af00       sf_debug_cc_set_state_maps 000000018002bf00 f   sfc_debug:sfdb_coverage.obj
 0001:0002afe0       sf_debug_cc_set_transition_weights 000000018002bfe0 f   sfc_debug:sfdb_coverage.obj
 0001:0002b2b0       sf_debug_cc_set_state_weights 000000018002c2b0 f   sfc_debug:sfdb_coverage.obj
 0001:0002b580       sf_debug_cc_mark_transition_guard 000000018002c580 f   sfc_debug:sfdb_coverage.obj
 0001:0002b610       sf_debug_cc_mark_transition_trigger 000000018002c610 f   sfc_debug:sfdb_coverage.obj
 0001:0002b6a0       sf_debug_cc_mark_transition_decision 000000018002c6a0 f   sfc_debug:sfdb_coverage.obj
 0001:0002b710       sf_debug_cc_mark_transition_condition_action 000000018002c710 f   sfc_debug:sfdb_coverage.obj
 0001:0002b760       sf_debug_cc_mark_transition_transition_action 000000018002c760 f   sfc_debug:sfdb_coverage.obj
 0001:0002b7b0       sf_debug_cc_mark_state_entry 000000018002c7b0 f   sfc_debug:sfdb_coverage.obj
 0001:0002b800       sf_debug_cc_mark_state_during 000000018002c800 f   sfc_debug:sfdb_coverage.obj
 0001:0002b850       sf_debug_cc_mark_state_exit 000000018002c850 f   sfc_debug:sfdb_coverage.obj
 0001:0002b8a0       sf_debug_bm_clear_script_breakpoints 000000018002c8a0 f   sfc_debug:sfdb_breakpoints.obj
 0001:0002b8d0       sf_debug_bm_set_script_breakpoint 000000018002c8d0 f   sfc_debug:sfdb_breakpoints.obj
 0001:0002b950       sf_debug_bm_clear_single_script_breakpoint 000000018002c950 f   sfc_debug:sfdb_breakpoints.obj
 0001:0002b9d0       sf_debug_bm_query_script_breakpoint 000000018002c9d0 f   sfc_debug:sfdb_breakpoints.obj
 0001:0002ba20       sf_debug_bm_initialize_scripts 000000018002ca20 f   sfc_debug:sfdb_breakpoints.obj
 0001:0002c140       sf_debug_bm_terminate      000000018002d140 f   sfc_debug:sfdb_breakpoints.obj
 0001:0002c430       sf_debug_bm_remove_all_breakpoints_in_machine 000000018002d430 f   sfc_debug:sfdb_breakpoints.obj
 0001:0002c4a0       sf_debug_bm_remove_all_breakpoints_in_chart 000000018002d4a0 f   sfc_debug:sfdb_breakpoints.obj
 0001:0002c5f0       sf_debug_bm_initialize_global_breakpoints 000000018002d5f0 f   sfc_debug:sfdb_breakpoints.obj
 0001:0002c770       sf_debug_bm_set_breakpoint 000000018002d770 f   sfc_debug:sfdb_breakpoints.obj
 0001:0002cda0       sf_debug_bm_set_eml_breakpoint 000000018002dda0 f   sfc_debug:sfdb_breakpoints.obj
 0001:0002ce40       sf_debug_bm_initialize_machine_breakpoint_map 000000018002de40 f   sfc_debug:sfdb_breakpoints.obj
 0001:0002d260       sf_debug_bm_is_a_breakpoint 000000018002e260 f   sfc_debug:sfdb_breakpoints.obj
 0001:0002d780       sf_debug_bm_get_all_breakpoints_in_machine 000000018002e780 f   sfc_debug:sfdb_breakpoints.obj
 0001:0002da80       sf_debug_bm_get_all_breakpoints_in_chart 000000018002ea80 f   sfc_debug:sfdb_breakpoints.obj
 0001:0002e740       sf_debug_bm_initialize_machine 000000018002f740 f   sfc_debug:sfdb_breakpoints.obj
 0001:0002e810       sf_debug_bm_initialize_chart 000000018002f810 f   sfc_debug:sfdb_breakpoints.obj
 0001:0002ec30       sf_debug_sc_terminate      000000018002fc30 f   sfc_debug:sfdb_state_consistency.obj
 0001:0002ef60       sf_debug_sc_is_chart_consistent 000000018002ff60 f   sfc_debug:sfdb_state_consistency.obj
 0001:0002f210       sf_debug_sc_get_consistency_error_info 0000000180030210 f   sfc_debug:sfdb_state_consistency.obj
 0001:0002f660       sf_debug_tm_terminate      0000000180030660 f   sfc_debug:sfdb_call_stack.obj
 0001:0002f720       sf_debug_tm_push_chart_instance 0000000180030720 f   sfc_debug:sfdb_call_stack.obj
 0001:0002f870       sf_debug_tm_pop_chart_instance 0000000180030870 f   sfc_debug:sfdb_call_stack.obj
 0001:0002f8d0       sf_debug_tm_push_trace_node 00000001800308d0 f   sfc_debug:sfdb_call_stack.obj
 0001:0002fa60       sf_debug_tm_pop_trace_node 0000000180030a60 f   sfc_debug:sfdb_call_stack.obj
 0001:0002fae0       sf_debug_tm_get_current_global_trace_index 0000000180030ae0 f   sfc_debug:sfdb_call_stack.obj
 0001:0002faf0       sf_debug_tm_get_current_local_trace_index 0000000180030af0 f   sfc_debug:sfdb_call_stack.obj
 0001:0002fb20       sf_debug_tm_set_cycle_detected_flag 0000000180030b20 f   sfc_debug:sfdb_call_stack.obj
 0001:0002fb60       sf_debug_tm_set_cycle_started_flag 0000000180030b60 f   sfc_debug:sfdb_call_stack.obj
 0001:0002fba0       sf_debug_tm_get_chart_number_from_stack 0000000180030ba0 f   sfc_debug:sfdb_call_stack.obj
 0001:0002fda0       sf_debug_tm_browse_trace   0000000180030da0 f   sfc_debug:sfdb_call_stack.obj
 0001:000300e0       sf_debug_cd_initialize_instance 00000001800310e0 f   sfc_debug:sfdb_cycle_detection.obj
 0001:00030390       sf_debug_cd_mark_processed_transition_in_instance 0000000180031390 f   sfc_debug:sfdb_cycle_detection.obj
 0001:00030430       sf_debug_cd_checksum_push  0000000180031430 f   sfc_debug:sfdb_cycle_detection.obj
 0001:000306f0       sf_debug_cd_checksum_pop   00000001800316f0 f   sfc_debug:sfdb_cycle_detection.obj
 0001:00030760       sf_debug_cd_turn_off_cycle_detection 0000000180031760 f   sfc_debug:sfdb_cycle_detection.obj
 0001:000307b0       sf_debug_cd_terminate      00000001800317b0 f   sfc_debug:sfdb_cycle_detection.obj
 0001:000309f0       md5_initialize_state       00000001800319f0 f   sfc_debug:ckmd5.obj
 0001:00031460       md5_update_state           0000000180032460 f   sfc_debug:ckmd5.obj
 0001:00031480       md5_get_hash               0000000180032480 f   sfc_debug:ckmd5.obj
 0001:000314b0       md5_get_hash_for_a_single_string 00000001800324b0 f   sfc_debug:ckmd5.obj
 0001:00031514       mxGetString_730            0000000180032514 f   libmx:libmx.dll
 0001:0003151a       mxIsChar                   000000018003251a f   libmx:libmx.dll
 0001:00031520       mxCreateString             0000000180032520 f   libmx:libmx.dll
 0001:00031526       mxGetClassID               0000000180032526 f   libmx:libmx.dll
 0001:0003152c       mxGetPr                    000000018003252c f   libmx:libmx.dll
 0001:00031532       mxCreateDoubleMatrix_730   0000000180032532 f   libmx:libmx.dll
 0001:00031538       mxIsNumeric                0000000180032538 f   libmx:libmx.dll
 0001:0003153e       mxIsComplex                000000018003253e f   libmx:libmx.dll
 0001:00031544       mxGetN                     0000000180032544 f   libmx:libmx.dll
 0001:0003154a       mxGetM                     000000018003254a f   libmx:libmx.dll
 0001:00031550       mxCalloc                   0000000180032550 f   libmx:libmx.dll
 0001:00031556       mxGetScalar                0000000180032556 f   libmx:libmx.dll
 0001:0003155c       mxDestroyArray             000000018003255c f   libmx:libmx.dll
 0001:00031562       mxGetString_700            0000000180032562 f   libmx:libmx.dll
 0001:00031568       mxCreateDoubleScalar       0000000180032568 f   libmx:libmx.dll
 0001:0003156e       mxFree                     000000018003256e f   libmx:libmx.dll
 0001:00031574       mxArrayToString            0000000180032574 f   libmx:libmx.dll
 0001:0003157a       mxGetNumberOfElements      000000018003257a f   libmx:libmx.dll
 0001:00031580       mxDuplicateArray           0000000180032580 f   libmx:libmx.dll
 0001:00031586       mxGetField_700             0000000180032586 f   libmx:libmx.dll
 0001:0003158c       mxSetFieldByNumber_700     000000018003258c f   libmx:libmx.dll
 0001:00031592       mxCreateStructArray_700    0000000180032592 f   libmx:libmx.dll
 0001:00031598       mxGetData                  0000000180032598 f   libmx:libmx.dll
 0001:0003159e       mxCreateNumericArray_700   000000018003259e f   libmx:libmx.dll
 0001:000315a4       mxIsLogical                00000001800325a4 f   libmx:libmx.dll
 0001:000315aa       mxCreateDoubleMatrix_700   00000001800325aa f   libmx:libmx.dll
 0001:000315b0       mxCreateCellMatrix_700     00000001800325b0 f   libmx:libmx.dll
 0001:000315b6       mxSetCell_700              00000001800325b6 f   libmx:libmx.dll
 0001:000315bc       mxGetCell_700              00000001800325bc f   libmx:libmx.dll
 0001:000315c2       mxGetClassName             00000001800325c2 f   libmx:libmx.dll
 0001:000315c8       mxSetField_700             00000001800325c8 f   libmx:libmx.dll
 0001:000315ce       mxAddField                 00000001800325ce f   libmx:libmx.dll
 0001:000315d4       mxIsStruct                 00000001800325d4 f   libmx:libmx.dll
 0001:000315da       mxIsA                      00000001800325da f   libmx:libmx.dll
 0001:000315e0       mxIsClass                  00000001800325e0 f   libmx:libmx.dll
 0001:000315e6       mxGetLogicals              00000001800325e6 f   libmx:libmx.dll
 0001:000315ec       mxIsSparse                 00000001800325ec f   libmx:libmx.dll
 0001:000315f2       mxGetFieldByNumber_700     00000001800325f2 f   libmx:libmx.dll
 0001:000315f8       mxGetFieldNameByNumber     00000001800325f8 f   libmx:libmx.dll
 0001:000315fe       mxGetNumberOfFields        00000001800325fe f   libmx:libmx.dll
 0001:00031604       mxCreateStructMatrix_700   0000000180032604 f   libmx:libmx.dll
 0001:0003160a       mxGetFieldNumber           000000018003260a f   libmx:libmx.dll
 0001:00031610       mxIsNaN                    0000000180032610 f   libmx:libmx.dll
 0001:00031616       mxIsEmpty                  0000000180032616 f   libmx:libmx.dll
 0001:0003161c       mxGetImagData              000000018003261c f   libmx:libmx.dll
 0001:00031622       mxArrayClassIDName         0000000180032622 f   libmx:libmx.dll
 0001:00031628       mxCreateNumericMatrix_700  0000000180032628 f   libmx:libmx.dll
 0001:0003162e       mxCalcSingleSubscript_700  000000018003262e f   libmx:libmx.dll
 0001:00031634       mxGetDimensions_700        0000000180032634 f   libmx:libmx.dll
 0001:0003163a       mxGetNumberOfDimensions_700 000000018003263a f   libmx:libmx.dll
 0001:00031640       mxGetElementSize           0000000180032640 f   libmx:libmx.dll
 0001:00031646       mxCreateStringFromNChars_700 0000000180032646 f   libmx:libmx.dll
 0001:0003164c       mxIsLogicalScalarTrue      000000018003264c f   libmx:libmx.dll
 0001:00031652       mxCreateLogicalScalar      0000000180032652 f   libmx:libmx.dll
 0001:00031658       mexUnlock                  0000000180032658 f   libmex:libmex.dll
 0001:0003165e       mexIsLocked                000000018003265e f   libmex:libmex.dll
 0001:00031664       mexWarnMsgTxt              0000000180032664 f   libmex:libmex.dll
 0001:0003166a       mexCallMATLAB              000000018003266a f   libmex:libmex.dll
 0001:00031670       mexErrMsgTxt               0000000180032670 f   libmex:libmex.dll
 0001:00031676       mexMakeArrayPersistent     0000000180032676 f   libmex:libmex.dll
 0001:0003167c       mexLock                    000000018003267c f   libmex:libmex.dll
 0001:00031682       mexMakeMemoryPersistent    0000000180032682 f   libmex:libmex.dll
 0001:00031688       mexSetTrapFlag             0000000180032688 f   libmex:libmex.dll
 0001:0003168e       mexPutVariable             000000018003268e f   libmex:libmex.dll
 0001:00031694       mexGetVariable             0000000180032694 f   libmex:libmex.dll
 0001:0003169a       mexFunctionName            000000018003269a f   libmex:libmex.dll
 0001:000316a0       ssRegisterDataTypeFxpFSlopeFixExpBias 00000001800326a0 f   libfixedpoint:libfixedpoint.dll
 0001:000316a6       utCPUtime                  00000001800326a6 f   libut:libut.dll
 0001:000316ac       utVSNprintf                00000001800326ac f   libut:libut.dll
 0001:000316b2       utFree                     00000001800326b2 f   libut:libut.dll
 0001:000316b8       utMalloc                   00000001800326b8 f   libut:libut.dll
 0001:000316be       emlrtCheckBuiltInCtxR2011a 00000001800326be f   libemlrt:libemlrt.dll
 0001:000316c4       emlrtCheckVsBuiltInCtxR2011a 00000001800326c4 f   libemlrt:libemlrt.dll
 0001:000316ca       emlrtCheckEnumR2009a       00000001800326ca f   libemlrt:libemlrt.dll
 0001:000316d0       emlrtCreateEnumR2010a      00000001800326d0 f   libemlrt:libemlrt.dll
 0001:000316d6       emlrtGetEnumElementR2009a  00000001800326d6 f   libemlrt:libemlrt.dll
 0001:000316dc       emlrtCreateReference       00000001800326dc f   libemlrt:libemlrt.dll
 0001:000316e2       emlrtImportVsFiArrayR2009b 00000001800326e2 f   libemlrt:libemlrt.dll
 0001:000316e8       emlrtNameCapturePostProcessR2012a 00000001800326e8 f   libemlrt:libemlrt.dll
 0001:000316ee       emlrtExtractMessageId      00000001800326ee f   libemlrt:libemlrt.dll
 0001:000316f4       emlrtTranslateMessageIDtoLCPstring 00000001800326f4 f   libemlrt:libemlrt.dll
 0001:000316fa       emlrtForLoopVectorIsValidR2011b 00000001800326fa f   libemlrt:libemlrt.dll
 0001:00031700       emlrtTranslateUTF16MessagetoLCPstring 0000000180032700 f   libemlrt:libemlrt.dll
 0001:00031706       emlrtGetEnumUnderlyingArrayR2009a 0000000180032706 f   libemlrt:libemlrt.dll
 0001:0003170c       emlrtIsEnumR2009a          000000018003270c f   libemlrt:libemlrt.dll
 0001:00031720       mpclib_initializer         0000000180032720 f   mpclib_sfun:mpclib_sfun.obj
 0001:00031730       mpclib_terminator          0000000180032730 f   mpclib_sfun:mpclib_sfun.obj
 0001:00031740       sf_mpclib_method_dispatcher 0000000180032740 f   mpclib_sfun:mpclib_sfun.obj
 0001:000317b0       sf_mpclib_process_check_sum_call 00000001800327b0 f   mpclib_sfun:mpclib_sfun.obj
 0001:00031a90       sf_mpclib_autoinheritance_info 0000000180032a90 f   mpclib_sfun:mpclib_sfun.obj
 0001:00031c50       sf_mpclib_get_eml_resolved_functions_info 0000000180032c50 f   mpclib_sfun:mpclib_sfun.obj
 0001:00031dc0       mpclib_debug_initialize    0000000180032dc0 f   mpclib_sfun:mpclib_sfun.obj
 0001:00031e30       mpclib_register_exported_symbols 0000000180032e30 f   mpclib_sfun:mpclib_sfun.obj
 0001:00031e40       load_mpclib_optimization_info 0000000180032e40 f   mpclib_sfun:mpclib_sfun.obj
 0001:00031e90       unload_mpclib_optimization_info 0000000180032e90 f   mpclib_sfun:mpclib_sfun.obj
 0001:00031ec0       sf_c4_mpclib_get_eml_resolved_functions_info 0000000180032ec0 f   mpclib_sfun:c4_mpclib.obj
 0001:00031f40       sf_c4_mpclib_get_check_sum 0000000180032f40 f   mpclib_sfun:c4_mpclib.obj
 0001:00031fc0       sf_c4_mpclib_get_autoinheritance_info 0000000180032fc0 f   mpclib_sfun:c4_mpclib.obj
 0001:000338e0       sf_internal_get_sim_state_c4_mpclib 00000001800348e0 f   mpclib_sfun:c4_mpclib.obj
 0001:00033f40       sf_internal_set_sim_state_c4_mpclib 0000000180034f40 f   mpclib_sfun:c4_mpclib.obj
 0001:00034810       c4_mpclib_method_dispatcher 0000000180035810 f   mpclib_sfun:c4_mpclib.obj
 0001:0003a770       sf_c3_mpclib_get_eml_resolved_functions_info 000000018003b770 f   mpclib_sfun:c3_mpclib.obj
 0001:0003a7f0       sf_c3_mpclib_get_check_sum 000000018003b7f0 f   mpclib_sfun:c3_mpclib.obj
 0001:0003a870       sf_c3_mpclib_get_autoinheritance_info 000000018003b870 f   mpclib_sfun:c3_mpclib.obj
 0001:000404e0       sf_internal_get_sim_state_c3_mpclib 00000001800414e0 f   mpclib_sfun:c3_mpclib.obj
 0001:00040c30       sf_internal_set_sim_state_c3_mpclib 0000000180041c30 f   mpclib_sfun:c3_mpclib.obj
 0001:000416e0       c3_mpclib_method_dispatcher 00000001800426e0 f   mpclib_sfun:c3_mpclib.obj
 0001:00057a9c       __GSHandlerCheckCommon     0000000180058a9c f   MSVCRT:gshandler.obj
 0001:00057b00       __GSHandlerCheck           0000000180058b00 f   MSVCRT:gshandler.obj
 0001:00057b1e       strcmp                     0000000180058b1e f   MSVCRT:MSVCR100.dll
 0001:00057b40       __security_check_cookie    0000000180058b40 f   MSVCRT:amdsecgs.obj
 0001:00057b60       free                       0000000180058b60 f   MSVCRT:MSVCR100.dll
 0001:00057b66       sprintf                    0000000180058b66 f   MSVCRT:MSVCR100.dll
 0001:00057b6c       malloc                     0000000180058b6c f   MSVCRT:MSVCR100.dll
 0001:00057b72       strlen                     0000000180058b72 f   MSVCRT:MSVCR100.dll
 0001:00057b78       strcat                     0000000180058b78 f   MSVCRT:MSVCR100.dll
 0001:00057b7e       memcpy                     0000000180058b7e f   MSVCRT:MSVCR100.dll
 0001:00057b84       NtCurrentTeb               0000000180058b84 f i MSVCRT:crtdll.obj
 0001:00057bf0       _CRT_INIT                  0000000180058bf0 f   MSVCRT:crtdll.obj
 0001:00057f88       _DllMainCRTStartup         0000000180058f88 f   MSVCRT:crtdll.obj
 0001:00057fc6       _setjmp                    0000000180058fc6 f   MSVCRT:MSVCR100.dll
 0001:00057fcc       strncpy                    0000000180058fcc f   MSVCRT:MSVCR100.dll
 0001:00057ff0       __chkstk                   0000000180058ff0 f   MSVCRT:chkstk.obj
 0001:00057ff0       _alloca_probe              0000000180058ff0     MSVCRT:chkstk.obj
 0001:0005803e       longjmp                    000000018005903e f   MSVCRT:MSVCR100.dll
 0001:00058044       strncmp                    0000000180059044 f   MSVCRT:MSVCR100.dll
 0001:0005804a       ceil                       000000018005904a f   MSVCRT:MSVCR100.dll
 0001:00058050       strrchr                    0000000180059050 f   MSVCRT:MSVCR100.dll
 0001:00058056       memset                     0000000180059056 f   MSVCRT:MSVCR100.dll
 0001:0005805c       calloc                     000000018005905c f   MSVCRT:MSVCR100.dll
 0001:00058062       realloc                    0000000180059062 f   MSVCRT:MSVCR100.dll
 0001:00058068       ldexp                      0000000180059068 f   MSVCRT:MSVCR100.dll
 0001:00058070       __report_gsfailure         0000000180059070 f   MSVCRT:gs_report.obj
 0001:000581bc       __clean_type_info_names    00000001800591bc f   MSVCRT:tncleanup.obj
 0001:000581c8       _onexit                    00000001800591c8 f   MSVCRT:atonexit.obj
 0001:00058278       atexit                     0000000180059278 f   MSVCRT:atonexit.obj
 0001:00058290       _RTC_Initialize            0000000180059290 f   MSVCRT:_initsect_.obj
 0001:000582c8       _RTC_Terminate             00000001800592c8 f   MSVCRT:_initsect_.obj
 0001:00058300       _malloc_crt                0000000180059300 f   MSVCRT:MSVCR100.dll
 0001:00058310       _ValidateImageBase         0000000180059310 f   MSVCRT:pesect.obj
 0001:00058340       _FindPESection             0000000180059340 f   MSVCRT:pesect.obj
 0001:00058390       _IsNonwritableInCurrentImage 0000000180059390 f   MSVCRT:pesect.obj
 0001:000583d2       _initterm                  00000001800593d2 f   MSVCRT:MSVCR100.dll
 0001:000583d8       _initterm_e                00000001800593d8 f   MSVCRT:MSVCR100.dll
 0001:000583de       _encoded_null              00000001800593de f   MSVCRT:MSVCR100.dll
 0001:000583e4       _amsg_exit                 00000001800593e4 f   MSVCRT:MSVCR100.dll
 0001:000583ea       __C_specific_handler       00000001800593ea f   MSVCRT:MSVCR100.dll
 0001:000583f0       __CppXcptFilter            00000001800593f0 f   MSVCRT:MSVCR100.dll
 0001:000583f8       DllMain                    00000001800593f8 f   MSVCRT:dllmain.obj
 0001:0005841c       __security_init_cookie     000000018005941c f   MSVCRT:gs_support.obj
 0001:000584d0       __crt_debugger_hook        00000001800594d0 f   MSVCRT:MSVCR100.dll
 0001:000584d6       __clean_type_info_names_internal 00000001800594d6 f   MSVCRT:MSVCR100.dll
 0001:000584dc       _unlock                    00000001800594dc f   MSVCRT:MSVCR100.dll
 0001:000584e2       __dllonexit                00000001800594e2 f   MSVCRT:MSVCR100.dll
 0001:000584e8       _lock                      00000001800594e8 f   MSVCRT:MSVCR100.dll
 0001:000584ee       EncodePointer              00000001800594ee f   kernel32:KERNEL32.dll
 0001:000584f4       DecodePointer              00000001800594f4 f   kernel32:KERNEL32.dll
 0001:000584fa       Sleep                      00000001800594fa f   kernel32:KERNEL32.dll
 0001:00058500       TerminateProcess           0000000180059500 f   kernel32:KERNEL32.dll
 0001:00058506       GetCurrentProcess          0000000180059506 f   kernel32:KERNEL32.dll
 0001:0005850c       UnhandledExceptionFilter   000000018005950c f   kernel32:KERNEL32.dll
 0001:00058512       SetUnhandledExceptionFilter 0000000180059512 f   kernel32:KERNEL32.dll
 0001:00058518       IsDebuggerPresent          0000000180059518 f   kernel32:KERNEL32.dll
 0001:0005851e       RtlVirtualUnwind           000000018005951e f   kernel32:KERNEL32.dll
 0001:00058524       RtlLookupFunctionEntry     0000000180059524 f   kernel32:KERNEL32.dll
 0001:0005852a       RtlCaptureContext          000000018005952a f   kernel32:KERNEL32.dll
 0001:00058530       DisableThreadLibraryCalls  0000000180059530 f   kernel32:KERNEL32.dll
 0001:00058536       QueryPerformanceCounter    0000000180059536 f   kernel32:KERNEL32.dll
 0001:0005853c       GetTickCount               000000018005953c f   kernel32:KERNEL32.dll
 0001:00058542       GetCurrentThreadId         0000000180059542 f   kernel32:KERNEL32.dll
 0001:00058548       GetCurrentProcessId        0000000180059548 f   kernel32:KERNEL32.dll
 0001:0005854e       GetSystemTimeAsFileTime    000000018005954e f   kernel32:KERNEL32.dll
 0001:00058554       mxSetField_730             0000000180059554 f   libmx:libmx.dll
 0001:0005855a       mxCreateStructMatrix_730   000000018005955a f   libmx:libmx.dll
 0002:00000000       __imp_GetCurrentThreadId   000000018005a000     kernel32:KERNEL32.dll
 0002:00000008       __imp_GetTickCount         000000018005a008     kernel32:KERNEL32.dll
 0002:00000010       __imp_QueryPerformanceCounter 000000018005a010     kernel32:KERNEL32.dll
 0002:00000018       __imp_DisableThreadLibraryCalls 000000018005a018     kernel32:KERNEL32.dll
 0002:00000020       __imp_RtlCaptureContext    000000018005a020     kernel32:KERNEL32.dll
 0002:00000028       __imp_RtlLookupFunctionEntry 000000018005a028     kernel32:KERNEL32.dll
 0002:00000030       __imp_RtlVirtualUnwind     000000018005a030     kernel32:KERNEL32.dll
 0002:00000038       __imp_IsDebuggerPresent    000000018005a038     kernel32:KERNEL32.dll
 0002:00000040       __imp_SetUnhandledExceptionFilter 000000018005a040     kernel32:KERNEL32.dll
 0002:00000048       __imp_UnhandledExceptionFilter 000000018005a048     kernel32:KERNEL32.dll
 0002:00000050       __imp_GetCurrentProcess    000000018005a050     kernel32:KERNEL32.dll
 0002:00000058       __imp_TerminateProcess     000000018005a058     kernel32:KERNEL32.dll
 0002:00000060       __imp_Sleep                000000018005a060     kernel32:KERNEL32.dll
 0002:00000068       __imp_DecodePointer        000000018005a068     kernel32:KERNEL32.dll
 0002:00000070       __imp_EncodePointer        000000018005a070     kernel32:KERNEL32.dll
 0002:00000078       __imp_GetSystemTimeAsFileTime 000000018005a078     kernel32:KERNEL32.dll
 0002:00000080       __imp_GetCurrentProcessId  000000018005a080     kernel32:KERNEL32.dll
 0002:00000088       \177KERNEL32_NULL_THUNK_DATA 000000018005a088     kernel32:KERNEL32.dll
 0002:00000090       __imp__unlock              000000018005a090     MSVCRT:MSVCR100.dll
 0002:00000098       __imp___clean_type_info_names_internal 000000018005a098     MSVCRT:MSVCR100.dll
 0002:000000a0       __imp___crt_debugger_hook  000000018005a0a0     MSVCRT:MSVCR100.dll
 0002:000000a8       __imp___CppXcptFilter      000000018005a0a8     MSVCRT:MSVCR100.dll
 0002:000000b0       __imp___C_specific_handler 000000018005a0b0     MSVCRT:MSVCR100.dll
 0002:000000b8       __imp__amsg_exit           000000018005a0b8     MSVCRT:MSVCR100.dll
 0002:000000c0       __imp__encoded_null        000000018005a0c0     MSVCRT:MSVCR100.dll
 0002:000000c8       __imp__initterm_e          000000018005a0c8     MSVCRT:MSVCR100.dll
 0002:000000d0       __imp__initterm            000000018005a0d0     MSVCRT:MSVCR100.dll
 0002:000000d8       __imp__malloc_crt          000000018005a0d8     MSVCRT:MSVCR100.dll
 0002:000000e0       __imp_ldexp                000000018005a0e0     MSVCRT:MSVCR100.dll
 0002:000000e8       __imp_realloc              000000018005a0e8     MSVCRT:MSVCR100.dll
 0002:000000f0       __imp_calloc               000000018005a0f0     MSVCRT:MSVCR100.dll
 0002:000000f8       __imp___dllonexit          000000018005a0f8     MSVCRT:MSVCR100.dll
 0002:00000100       __imp_strrchr              000000018005a100     MSVCRT:MSVCR100.dll
 0002:00000108       __imp_ceil                 000000018005a108     MSVCRT:MSVCR100.dll
 0002:00000110       __imp_strncmp              000000018005a110     MSVCRT:MSVCR100.dll
 0002:00000118       __imp_longjmp              000000018005a118     MSVCRT:MSVCR100.dll
 0002:00000120       __imp_strncpy              000000018005a120     MSVCRT:MSVCR100.dll
 0002:00000128       __imp__setjmp              000000018005a128     MSVCRT:MSVCR100.dll
 0002:00000130       __imp_memcpy               000000018005a130     MSVCRT:MSVCR100.dll
 0002:00000138       __imp_strcat               000000018005a138     MSVCRT:MSVCR100.dll
 0002:00000140       __imp_strlen               000000018005a140     MSVCRT:MSVCR100.dll
 0002:00000148       __imp_malloc               000000018005a148     MSVCRT:MSVCR100.dll
 0002:00000150       __imp_sprintf              000000018005a150     MSVCRT:MSVCR100.dll
 0002:00000158       __imp_free                 000000018005a158     MSVCRT:MSVCR100.dll
 0002:00000160       __imp_strcmp               000000018005a160     MSVCRT:MSVCR100.dll
 0002:00000168       __imp__onexit              000000018005a168     MSVCRT:MSVCR100.dll
 0002:00000170       __imp__lock                000000018005a170     MSVCRT:MSVCR100.dll
 0002:00000178       __imp_memset               000000018005a178     MSVCRT:MSVCR100.dll
 0002:00000180       \177MSVCR100_NULL_THUNK_DATA 000000018005a180     MSVCRT:MSVCR100.dll
 0002:00000188       __imp_emlrtTranslateUTF16MessagetoLCPstring 000000018005a188     libemlrt:libemlrt.dll
 0002:00000190       __imp_emlrtForLoopVectorIsValidR2011b 000000018005a190     libemlrt:libemlrt.dll
 0002:00000198       __imp_emlrtTranslateMessageIDtoLCPstring 000000018005a198     libemlrt:libemlrt.dll
 0002:000001a0       __imp_emlrtExtractMessageId 000000018005a1a0     libemlrt:libemlrt.dll
 0002:000001a8       __imp_emlrtNameCapturePostProcessR2012a 000000018005a1a8     libemlrt:libemlrt.dll
 0002:000001b0       __imp_emlrtImportVsFiArrayR2009b 000000018005a1b0     libemlrt:libemlrt.dll
 0002:000001b8       __imp_emlrtCreateReference 000000018005a1b8     libemlrt:libemlrt.dll
 0002:000001c0       __imp_emlrtGetEnumElementR2009a 000000018005a1c0     libemlrt:libemlrt.dll
 0002:000001c8       __imp_emlrtCreateEnumR2010a 000000018005a1c8     libemlrt:libemlrt.dll
 0002:000001d0       __imp_emlrtCheckEnumR2009a 000000018005a1d0     libemlrt:libemlrt.dll
 0002:000001d8       __imp_emlrtCheckVsBuiltInCtxR2011a 000000018005a1d8     libemlrt:libemlrt.dll
 0002:000001e0       __imp_emlrtCheckBuiltInCtxR2011a 000000018005a1e0     libemlrt:libemlrt.dll
 0002:000001e8       __imp_emlrtIsEnumR2009a    000000018005a1e8     libemlrt:libemlrt.dll
 0002:000001f0       __imp_emlrtGetEnumUnderlyingArrayR2009a 000000018005a1f0     libemlrt:libemlrt.dll
 0002:000001f8       \177libemlrt_NULL_THUNK_DATA 000000018005a1f8     libemlrt:libemlrt.dll
 0002:00000200       __imp_ssRegisterDataTypeFxpFSlopeFixExpBias 000000018005a200     libfixedpoint:libfixedpoint.dll
 0002:00000208       \177libfixedpoint_NULL_THUNK_DATA 000000018005a208     libfixedpoint:libfixedpoint.dll
 0002:00000210       __imp_mexFunctionName      000000018005a210     libmex:libmex.dll
 0002:00000218       __imp_mexGetVariable       000000018005a218     libmex:libmex.dll
 0002:00000220       __imp_mexPutVariable       000000018005a220     libmex:libmex.dll
 0002:00000228       __imp_mexIsLocked          000000018005a228     libmex:libmex.dll
 0002:00000230       __imp_mexWarnMsgTxt        000000018005a230     libmex:libmex.dll
 0002:00000238       __imp_mexSetTrapFlag       000000018005a238     libmex:libmex.dll
 0002:00000240       __imp_mexMakeMemoryPersistent 000000018005a240     libmex:libmex.dll
 0002:00000248       __imp_mexLock              000000018005a248     libmex:libmex.dll
 0002:00000250       __imp_mexMakeArrayPersistent 000000018005a250     libmex:libmex.dll
 0002:00000258       __imp_mexErrMsgTxt         000000018005a258     libmex:libmex.dll
 0002:00000260       __imp_mexCallMATLAB        000000018005a260     libmex:libmex.dll
 0002:00000268       __imp_mexUnlock            000000018005a268     libmex:libmex.dll
 0002:00000270       \177libmex_NULL_THUNK_DATA 000000018005a270     libmex:libmex.dll
 0002:00000278       __imp_mxCreateStructMatrix_730 000000018005a278     libmx:libmx.dll
 0002:00000280       __imp_mxSetField_730       000000018005a280     libmx:libmx.dll
 0002:00000288       __imp_mxCreateLogicalScalar 000000018005a288     libmx:libmx.dll
 0002:00000290       __imp_mxIsLogicalScalarTrue 000000018005a290     libmx:libmx.dll
 0002:00000298       __imp_mxCreateStringFromNChars_700 000000018005a298     libmx:libmx.dll
 0002:000002a0       __imp_mxGetElementSize     000000018005a2a0     libmx:libmx.dll
 0002:000002a8       __imp_mxGetNumberOfDimensions_700 000000018005a2a8     libmx:libmx.dll
 0002:000002b0       __imp_mxGetDimensions_700  000000018005a2b0     libmx:libmx.dll
[...]
 0001:00023fe0       sf_debug_hm_initialize_globals 0000000180024fe0 f   sfc_debug:sfdb_handle_management.obj
 0001:000240e0       sf_debug_hm_get_machine_debug_flag 00000001800250e0 f   sfc_debug:sfdb_handle_management.obj
 0001:00024250       sf_debug_hm_get_machine_id 0000000180025250 f   sfc_debug:sfdb_handle_management.obj
 0001:00024370       sf_debug_hm_get_chart_id   0000000180025370 f   sfc_debug:sfdb_handle_management.obj
 0001:00024510       sf_debug_hm_register_executing_SFunction 0000000180025510 f   sfc_debug:sfdb_handle_management.obj
 0001:000246b0       sf_debug_hm_get_chart_active_instance 00000001800256b0 f   sfc_debug:sfdb_handle_management.obj
 0001:00024820       sf_debug_hm_get_chart_visibility 0000000180025820 f   sfc_debug:sfdb_handle_management.obj
 0001:00024970       sf_debug_hm_form_object_boolean_properties 0000000180025970 f   sfc_debug:sfdb_handle_management.obj
 0001:00024c40       sf_debug_hm_form_object_properties 0000000180025c40 f   sfc_debug:sfdb_handle_management.obj
 0001:00024e80       sf_debug_hm_terminate_charts 0000000180025e80 f   sfc_debug:sfdb_handle_management.obj
 0001:000255f0       sf_debug_hm_terminate_machines 00000001800265f0 f   sfc_debug:sfdb_handle_management.obj
 0001:00027240       sf_debug_ss_copy_dimension 0000000180028240 f   sfc_debug:sfdb_symbol_scope.obj
 0001:00027300       sf_debug_ss_get_number_elements 0000000180028300 f   sfc_debug:sfdb_symbol_scope.obj
 0001:00027320       sf_debug_ss_fill_data_struct 0000000180028320 f   sfc_debug:sfdb_symbol_scope.obj
 0001:00027670       sf_debug_ss_reset_data_info 0000000180028670 f   sfc_debug:sfdb_symbol_scope.obj
 0001:000276d0       sf_debug_fill_data_info_by_symbol_scope_entry 00000001800286d0 f   sfc_debug:sfdb_symbol_scope.obj
 0001:00027790       sf_debug_fill_data_info_by_data_vector 0000000180028790 f   sfc_debug:sfdb_symbol_scope.obj
 0001:000279e0       sf_debug_ss_get_data_info  00000001800289e0 f   sfc_debug:sfdb_symbol_scope.obj
 0001:00027cd0       sf_debug_select_mex_function 0000000180028cd0 f   sfc_debug:sfdb_symbol_scope.obj
 0001:00027d00       sf_debug_is_dyn_matrix_initialized 0000000180028d00 f   sfc_debug:sfdb_symbol_scope.obj
 0001:00027d20       sf_debug_ss_set_data_value_try 0000000180028d20 f   sfc_debug:sfdb_symbol_scope.obj
 0001:00027ef0       sf_debug_ss_get_data_value 0000000180028ef0 f   sfc_debug:sfdb_symbol_scope.obj
 0001:00028440       sf_debug_ss_data_bytes_string 0000000180029440 f   sfc_debug:sfdb_symbol_scope.obj
 0001:000284f0       sf_debug_ss_data_class_string 00000001800294f0 f   sfc_debug:sfdb_symbol_scope.obj
 0001:00028880       sf_debug_ss_data_size_string 0000000180029880 f   sfc_debug:sfdb_symbol_scope.obj
 0001:00028960       sf_debug_ss_data_create_data_info_struct 0000000180029960 f   sfc_debug:sfdb_symbol_scope.obj
 0001:00028c30       sf_debug_ss_data_create_name_value_pair 0000000180029c30 f   sfc_debug:sfdb_symbol_scope.obj
 0001:00028cd0       sf_debug_ss_data_get_whos_info 0000000180029cd0 f   sfc_debug:sfdb_symbol_scope.obj
 0001:00028ce0       same_named_data_in_data_array 0000000180029ce0 f   sfc_debug:sfdb_symbol_scope.obj
 0001:0002a550       sf_debug_cc_terminate_chart 000000018002b550 f   sfc_debug:sfdb_coverage.obj
 0001:0002a8f0       sf_debug_cc_terminate_instance 000000018002b8f0 f   sfc_debug:sfdb_coverage.obj
 0001:0002b4e0       sf_debug_cc_mark_object_if_needed 000000018002c4e0 f   sfc_debug:sfdb_coverage.obj
 0001:0002bde0       sf_debug_bm_initialize_eml 000000018002cde0 f   sfc_debug:sfdb_breakpoints.obj
 0001:0002cf50       sf_debug_bm_map_debug_tag_to_breakpoint_tag 000000018002df50 f   sfc_debug:sfdb_breakpoints.obj
 0001:0002d030       sf_debug_bm_is_a_eml_breakpoint_impl 000000018002e030 f   sfc_debug:sfdb_breakpoints.obj
 0001:0002eab0       sf_debug_sc_push_on_error_stack 000000018002fab0 f   sfc_debug:sfdb_state_consistency.obj
 0001:0002ebe0       sf_debug_sc_reset_error_stack 000000018002fbe0 f   sfc_debug:sfdb_state_consistency.obj
 0001:0002ed70       sf_debug_sc_is_state_inconsistent 000000018002fd70 f   sfc_debug:sfdb_state_consistency.obj
 0001:0002f070       sf_debug_sc_fill_consistency_info 0000000180030070 f   sfc_debug:sfdb_state_consistency.obj
 0001:0002f650       void_assertion_fcn         0000000180030650 f   sfc_debug:sfdb_call_stack.obj
 0001:0002fbd0       sf_debug_tm_fill_local_trace 0000000180030bd0 f   sfc_debug:sfdb_call_stack.obj
 0001:000301a0       sf_debug_cd_terminate_instance 00000001800311a0 f   sfc_debug:sfdb_cycle_detection.obj
 0001:00030200       sf_debug_cd_free_checksum_stack 0000000180031200 f   sfc_debug:sfdb_cycle_detection.obj
 0001:00030250       sf_debug_cd_reset_pack_strings 0000000180031250 f   sfc_debug:sfdb_cycle_detection.obj
 0001:00030910       md5file_clear              0000000180031910 f   sfc_debug:ckmd5.obj
 0001:00030940       Encode                     0000000180031940 f   sfc_debug:ckmd5.obj
 0001:00030990       Decode                     0000000180031990 f   sfc_debug:ckmd5.obj
 0001:00030a30       MD5Transform               0000000180031a30 f   sfc_debug:ckmd5.obj
 0001:00031280       md5file_addn               0000000180032280 f   sfc_debug:ckmd5.obj
 0001:00031350       md5file_hash               0000000180032350 f   sfc_debug:ckmd5.obj
 0001:000339d0       get_sim_state_c4_mpclib    00000001800349d0 f   mpclib_sfun:c4_mpclib.obj
 0001:00033e80       sf_get_sim_state_info_c4_mpclib 0000000180034e80 f   mpclib_sfun:c4_mpclib.obj
 0001:00034060       set_sim_state_c4_mpclib    0000000180035060 f   mpclib_sfun:c4_mpclib.obj
 0001:00034340       c4_update_debugger_state_c4_mpclib 0000000180035340 f   mpclib_sfun:c4_mpclib.obj
 0001:00034350       c4_c_emlrt_marshallIn      0000000180035350 f   mpclib_sfun:c4_mpclib.obj
 0001:000343c0       c4_d_emlrt_marshallIn      00000001800353c0 f   mpclib_sfun:c4_mpclib.obj
 0001:000344b0       c4_e_emlrt_marshallIn      00000001800354b0 f   mpclib_sfun:c4_mpclib.obj
 0001:00034520       c4_f_emlrt_marshallIn      0000000180035520 f   mpclib_sfun:c4_mpclib.obj
 0001:00034620       c4_g_emlrt_marshallIn      0000000180035620 f   mpclib_sfun:c4_mpclib.obj
 0001:00034690       c4_h_emlrt_marshallIn      0000000180035690 f   mpclib_sfun:c4_mpclib.obj
 0001:00034720       c4_j_emlrt_marshallIn      0000000180035720 f   mpclib_sfun:c4_mpclib.obj
 0001:00034780       c4_k_emlrt_marshallIn      0000000180035780 f   mpclib_sfun:c4_mpclib.obj
 0001:00034880       mdlProcessParameters_c4_mpclib 0000000180035880 f   mpclib_sfun:c4_mpclib.obj
 0001:00034940       initialize_params_c4_mpclib 0000000180035940 f   mpclib_sfun:c4_mpclib.obj
 0001:000350b0       mdlSetWorkWidths_c4_mpclib 00000001800360b0 f   mpclib_sfun:c4_mpclib.obj
 0001:00035be0       sf_get_instance_specialization 0000000180036be0 f   mpclib_sfun:c4_mpclib.obj
 0001:00035bf0       mdlStart_c4_mpclib         0000000180036bf0 f   mpclib_sfun:c4_mpclib.obj
 0001:00035e10       init_dsm_address_info      0000000180036e10 f   mpclib_sfun:c4_mpclib.obj
 0001:00035e20       chart_debug_initialization 0000000180036e20 f   mpclib_sfun:c4_mpclib.obj
 0001:00037920       init_script_number_translation 0000000180038920 f   mpclib_sfun:c4_mpclib.obj
 0001:00037930       c4_sf_marshallOut          0000000180038930 f   mpclib_sfun:c4_mpclib.obj
 0001:000379e0       c4_sf_marshallIn           00000001800389e0 f   mpclib_sfun:c4_mpclib.obj
 0001:00037a80       c4_b_sf_marshallOut        0000000180038a80 f   mpclib_sfun:c4_mpclib.obj
 0001:00037c10       c4_b_sf_marshallIn         0000000180038c10 f   mpclib_sfun:c4_mpclib.obj
 0001:00037d40       c4_c_sf_marshallOut        0000000180038d40 f   mpclib_sfun:c4_mpclib.obj
 0001:00037ed0       c4_c_sf_marshallIn         0000000180038ed0 f   mpclib_sfun:c4_mpclib.obj
 0001:00038000       c4_d_sf_marshallOut        0000000180039000 f   mpclib_sfun:c4_mpclib.obj
 0001:000380b0       c4_d_sf_marshallIn         00000001800390b0 f   mpclib_sfun:c4_mpclib.obj
 0001:00038150       c4_emlrt_marshallIn        0000000180039150 f   mpclib_sfun:c4_mpclib.obj
 0001:000381e0       c4_e_sf_marshallOut        00000001800391e0 f   mpclib_sfun:c4_mpclib.obj
 0001:00038360       c4_e_sf_marshallIn         0000000180039360 f   mpclib_sfun:c4_mpclib.obj
 0001:00038460       c4_b_emlrt_marshallIn      0000000180039460 f   mpclib_sfun:c4_mpclib.obj
 0001:00038550       c4_f_sf_marshallOut        0000000180039550 f   mpclib_sfun:c4_mpclib.obj
 0001:000386e0       sf_opaque_initialize_c4_mpclib 00000001800396e0 f   mpclib_sfun:c4_mpclib.obj
 0001:00038720       initialize_c4_mpclib       0000000180039720 f   mpclib_sfun:c4_mpclib.obj
 0001:00038770       sf_opaque_enable_c4_mpclib 0000000180039770 f   mpclib_sfun:c4_mpclib.obj
 0001:00038790       enable_c4_mpclib           0000000180039790 f   mpclib_sfun:c4_mpclib.obj
 0001:000387c0       sf_opaque_disable_c4_mpclib 00000001800397c0 f   mpclib_sfun:c4_mpclib.obj
 0001:000387e0       disable_c4_mpclib          00000001800397e0 f   mpclib_sfun:c4_mpclib.obj
 0001:00038810       sf_opaque_gateway_c4_mpclib 0000000180039810 f   mpclib_sfun:c4_mpclib.obj
 0001:00038830       sf_c4_mpclib               0000000180039830 f   mpclib_sfun:c4_mpclib.obj
 0001:0003a620       sf_opaque_get_sim_state_c4_mpclib 000000018003b620 f   mpclib_sfun:c4_mpclib.obj
 0001:0003a640       sf_opaque_set_sim_state_c4_mpclib 000000018003b640 f   mpclib_sfun:c4_mpclib.obj
 0001:0003a670       sf_opaque_terminate_c4_mpclib 000000018003b670 f   mpclib_sfun:c4_mpclib.obj
 0001:0003a6f0       finalize_c4_mpclib         000000018003b6f0 f   mpclib_sfun:c4_mpclib.obj
 0001:0003a700       sf_opaque_init_subchart_simstructs 000000018003b700 f   mpclib_sfun:c4_mpclib.obj
 0001:0003a720       initSimStructsc4_mpclib    000000018003b720 f   mpclib_sfun:c4_mpclib.obj
 0001:0003a730       mdlRTW_c4_mpclib           000000018003b730 f   mpclib_sfun:c4_mpclib.obj
 0001:000405d0       get_sim_state_c3_mpclib    00000001800415d0 f   mpclib_sfun:c3_mpclib.obj
 0001:00040b70       sf_get_sim_state_info_c3_mpclib 0000000180041b70 f   mpclib_sfun:c3_mpclib.obj
 0001:00040d50       set_sim_state_c3_mpclib    0000000180041d50 f   mpclib_sfun:c3_mpclib.obj
 0001:000410b0       c3_update_debugger_state_c3_mpclib 00000001800420b0 f   mpclib_sfun:c3_mpclib.obj
 0001:000410c0       c3_emlrt_marshallIn        00000001800420c0 f   mpclib_sfun:c3_mpclib.obj
 0001:00041130       c3_b_emlrt_marshallIn      0000000180042130 f   mpclib_sfun:c3_mpclib.obj
 0001:00041220       c3_c_emlrt_marshallIn      0000000180042220 f   mpclib_sfun:c3_mpclib.obj
 0001:00041290       c3_d_emlrt_marshallIn      0000000180042290 f   mpclib_sfun:c3_mpclib.obj
 0001:00041320       c3_e_emlrt_marshallIn      0000000180042320 f   mpclib_sfun:c3_mpclib.obj
 0001:00041390       c3_f_emlrt_marshallIn      0000000180042390 f   mpclib_sfun:c3_mpclib.obj
 0001:00041490       c3_g_emlrt_marshallIn      0000000180042490 f   mpclib_sfun:c3_mpclib.obj
 0001:00041500       c3_h_emlrt_marshallIn      0000000180042500 f   mpclib_sfun:c3_mpclib.obj
 0001:000415f0       c3_bb_emlrt_marshallIn     00000001800425f0 f   mpclib_sfun:c3_mpclib.obj
 0001:00041650       c3_cb_emlrt_marshallIn     0000000180042650 f   mpclib_sfun:c3_mpclib.obj
 0001:00041750       mdlProcessParameters_c3_mpclib 0000000180042750 f   mpclib_sfun:c3_mpclib.obj
 0001:00041810       initialize_params_c3_mpclib 0000000180042810 f   mpclib_sfun:c3_mpclib.obj
 0001:00043c10       mdlSetWorkWidths_c3_mpclib 0000000180044c10 f   mpclib_sfun:c3_mpclib.obj
 0001:000461d0       sf_get_instance_specialization 00000001800471d0 f   mpclib_sfun:c3_mpclib.obj
 0001:000461e0       mdlStart_c3_mpclib         00000001800471e0 f   mpclib_sfun:c3_mpclib.obj
 0001:00046400       init_dsm_address_info      0000000180047400 f   mpclib_sfun:c3_mpclib.obj
 0001:00046410       chart_debug_initialization 0000000180047410 f   mpclib_sfun:c3_mpclib.obj
 0001:0004bee0       init_script_number_translation 000000018004cee0 f   mpclib_sfun:c3_mpclib.obj
 0001:0004bef0       c3_sf_marshallOut          000000018004cef0 f   mpclib_sfun:c3_mpclib.obj
 0001:0004c050       c3_sf_marshallIn           000000018004d050 f   mpclib_sfun:c3_mpclib.obj
 0001:0004c170       c3_b_sf_marshallOut        000000018004d170 f   mpclib_sfun:c3_mpclib.obj
 0001:0004c220       c3_b_sf_marshallIn         000000018004d220 f   mpclib_sfun:c3_mpclib.obj
 0001:0004c2c0       c3_c_sf_marshallOut        000000018004d2c0 f   mpclib_sfun:c3_mpclib.obj
 0001:0004c4e0       c3_c_sf_marshallIn         000000018004d4e0 f   mpclib_sfun:c3_mpclib.obj
 0001:0004c660       c3_d_sf_marshallOut        000000018004d660 f   mpclib_sfun:c3_mpclib.obj
 0001:0004c7d0       c3_d_sf_marshallIn         000000018004d7d0 f   mpclib_sfun:c3_mpclib.obj
 0001:0004c8d0       c3_e_sf_marshallOut        000000018004d8d0 f   mpclib_sfun:c3_mpclib.obj
 0001:0004ca40       c3_f_sf_marshallOut        000000018004da40 f   mpclib_sfun:c3_mpclib.obj
 0001:0004cbc0       c3_g_sf_marshallOut        000000018004dbc0 f   mpclib_sfun:c3_mpclib.obj
 0001:0004cd40       c3_h_sf_marshallOut        000000018004dd40 f   mpclib_sfun:c3_mpclib.obj
 0001:0004cea0       c3_i_sf_marshallOut        000000018004dea0 f   mpclib_sfun:c3_mpclib.obj
 0001:0004d0c0       c3_j_sf_marshallOut        000000018004e0c0 f   mpclib_sfun:c3_mpclib.obj
 0001:0004d2e0       c3_k_sf_marshallOut        000000018004e2e0 f   mpclib_sfun:c3_mpclib.obj
 0001:0004d450       c3_l_sf_marshallOut        000000018004e450 f   mpclib_sfun:c3_mpclib.obj
 0001:0004d500       c3_m_sf_marshallOut        000000018004e500 f   mpclib_sfun:c3_mpclib.obj
 0001:0004d680       c3_n_sf_marshallOut        000000018004e680 f   mpclib_sfun:c3_mpclib.obj
 0001:0004d800       c3_o_sf_marshallOut        000000018004e800 f   mpclib_sfun:c3_mpclib.obj
 0001:0004da30       c3_p_sf_marshallOut        000000018004ea30 f   mpclib_sfun:c3_mpclib.obj
 0001:0004dc80       c3_q_sf_marshallOut        000000018004ec80 f   mpclib_sfun:c3_mpclib.obj
 0001:0004dec0       c3_r_sf_marshallOut        000000018004eec0 f   mpclib_sfun:c3_mpclib.obj
 0001:0004e030       c3_s_sf_marshallOut        000000018004f030 f   mpclib_sfun:c3_mpclib.obj
 0001:0004e250       c3_t_sf_marshallOut        000000018004f250 f   mpclib_sfun:c3_mpclib.obj
 0001:0004e480       c3_u_sf_marshallOut        000000018004f480 f   mpclib_sfun:c3_mpclib.obj
 0001:0004e6a0       c3_v_sf_marshallOut        000000018004f6a0 f   mpclib_sfun:c3_mpclib.obj
 0001:0004e8a0       c3_w_sf_marshallOut        000000018004f8a0 f   mpclib_sfun:c3_mpclib.obj
 0001:0004ead0       c3_f_sf_marshallIn         000000018004fad0 f   mpclib_sfun:c3_mpclib.obj
 0001:0004eb70       c3_j_emlrt_marshallIn      000000018004fb70 f   mpclib_sfun:c3_mpclib.obj
 0001:0004ec00       c3_g_sf_marshallIn         000000018004fc00 f   mpclib_sfun:c3_mpclib.obj
 0001:0004ed80       c3_k_emlrt_marshallIn      000000018004fd80 f   mpclib_sfun:c3_mpclib.obj
 0001:0004ee90       c3_h_sf_marshallIn         000000018004fe90 f   mpclib_sfun:c3_mpclib.obj
 0001:0004eff0       c3_l_emlrt_marshallIn      000000018004fff0 f   mpclib_sfun:c3_mpclib.obj
 0001:0004f100       c3_i_sf_marshallIn         0000000180050100 f   mpclib_sfun:c3_mpclib.obj
 0001:0004f250       c3_m_emlrt_marshallIn      0000000180050250 f   mpclib_sfun:c3_mpclib.obj
 0001:0004f360       c3_j_sf_marshallIn         0000000180050360 f   mpclib_sfun:c3_mpclib.obj
 0001:0004f4c0       c3_n_emlrt_marshallIn      00000001800504c0 f   mpclib_sfun:c3_mpclib.obj
 0001:0004f5c0       c3_k_sf_marshallIn         00000001800505c0 f   mpclib_sfun:c3_mpclib.obj
 0001:0004f730       c3_o_emlrt_marshallIn      0000000180050730 f   mpclib_sfun:c3_mpclib.obj
 0001:0004f830       c3_l_sf_marshallIn         0000000180050830 f   mpclib_sfun:c3_mpclib.obj
 0001:0004f990       c3_p_emlrt_marshallIn      0000000180050990 f   mpclib_sfun:c3_mpclib.obj
 0001:0004faa0       c3_m_sf_marshallIn         0000000180050aa0 f   mpclib_sfun:c3_mpclib.obj
 0001:0004fbb0       c3_q_emlrt_marshallIn      0000000180050bb0 f   mpclib_sfun:c3_mpclib.obj
 0001:0004fca0       c3_n_sf_marshallIn         0000000180050ca0 f   mpclib_sfun:c3_mpclib.obj
 0001:0004fe10       c3_r_emlrt_marshallIn      0000000180050e10 f   mpclib_sfun:c3_mpclib.obj
 0001:0004ff10       c3_o_sf_marshallIn         0000000180050f10 f   mpclib_sfun:c3_mpclib.obj
 0001:00050060       c3_s_emlrt_marshallIn      0000000180051060 f   mpclib_sfun:c3_mpclib.obj
 0001:00050160       c3_p_sf_marshallIn         0000000180051160 f   mpclib_sfun:c3_mpclib.obj
 0001:000502f0       c3_t_emlrt_marshallIn      00000001800512f0 f   mpclib_sfun:c3_mpclib.obj
 0001:00050400       c3_q_sf_marshallIn         0000000180051400 f   mpclib_sfun:c3_mpclib.obj
 0001:00050510       c3_u_emlrt_marshallIn      0000000180051510 f   mpclib_sfun:c3_mpclib.obj
 0001:00050600       c3_r_sf_marshallIn         0000000180051600 f   mpclib_sfun:c3_mpclib.obj
 0001:00050710       c3_v_emlrt_marshallIn      0000000180051710 f   mpclib_sfun:c3_mpclib.obj
 0001:00050800       c3_s_sf_marshallIn         0000000180051800 f   mpclib_sfun:c3_mpclib.obj
 0001:00050910       c3_w_emlrt_marshallIn      0000000180051910 f   mpclib_sfun:c3_mpclib.obj
 0001:00050a00       c3_t_sf_marshallIn         0000000180051a00 f   mpclib_sfun:c3_mpclib.obj
 0001:00050b10       c3_x_emlrt_marshallIn      0000000180051b10 f   mpclib_sfun:c3_mpclib.obj
 0001:00050c20       c3_u_sf_marshallIn         0000000180051c20 f   mpclib_sfun:c3_mpclib.obj
 0001:00050d40       c3_y_emlrt_marshallIn      0000000180051d40 f   mpclib_sfun:c3_mpclib.obj
 0001:00050e40       c3_v_sf_marshallIn         0000000180051e40 f   mpclib_sfun:c3_mpclib.obj
 0001:00050fc0       c3_ab_emlrt_marshallIn     0000000180051fc0 f   mpclib_sfun:c3_mpclib.obj
 0001:000510d0       sf_opaque_initialize_c3_mpclib 00000001800520d0 f   mpclib_sfun:c3_mpclib.obj
 0001:00051110       initialize_c3_mpclib       0000000180052110 f   mpclib_sfun:c3_mpclib.obj
 0001:00051160       sf_opaque_enable_c3_mpclib 0000000180052160 f   mpclib_sfun:c3_mpclib.obj
 0001:00051180       enable_c3_mpclib           0000000180052180 f   mpclib_sfun:c3_mpclib.obj
 0001:000511b0       sf_opaque_disable_c3_mpclib 00000001800521b0 f   mpclib_sfun:c3_mpclib.obj
 0001:000511d0       disable_c3_mpclib          00000001800521d0 f   mpclib_sfun:c3_mpclib.obj
 0001:00051200       sf_opaque_gateway_c3_mpclib 0000000180052200 f   mpclib_sfun:c3_mpclib.obj
 0001:00051220       sf_c3_mpclib               0000000180052220 f   mpclib_sfun:c3_mpclib.obj
 0001:00052e70       c3_chartstep_c3_mpclib     0000000180053e70 f   mpclib_sfun:c3_mpclib.obj
 0001:00057950       sf_opaque_get_sim_state_c3_mpclib 0000000180058950 f   mpclib_sfun:c3_mpclib.obj
 0001:00057970       sf_opaque_set_sim_state_c3_mpclib 0000000180058970 f   mpclib_sfun:c3_mpclib.obj
 0001:000579a0       sf_opaque_terminate_c3_mpclib 00000001800589a0 f   mpclib_sfun:c3_mpclib.obj
 0001:00057a20       finalize_c3_mpclib         0000000180058a20 f   mpclib_sfun:c3_mpclib.obj
 0001:00057a30       sf_opaque_init_subchart_simstructs 0000000180058a30 f   mpclib_sfun:c3_mpclib.obj
 0001:00057a50       initSimStructsc3_mpclib    0000000180058a50 f   mpclib_sfun:c3_mpclib.obj
 0001:00057a60       mdlRTW_c3_mpclib           0000000180058a60 f   mpclib_sfun:c3_mpclib.obj
 0001:00057b90       pre_c_init                 0000000180058b90 f   MSVCRT:crtdll.obj
 0001:00057e4c       __DllMainCRTStartup        0000000180058e4c f   MSVCRT:crtdll.obj
 0001:00058560       __DllMainCRTStartup$filt$0 0000000180059560 f   MSVCRT:crtdll.obj
 0001:00058590       __DllMainCRTStartup$fin$1  0000000180059590 f   MSVCRT:crtdll.obj
 0001:000585aa       _onexit$fin$0              00000001800595aa f   MSVCRT:atonexit.obj
 0001:000585d0       _IsNonwritableInCurrentImage$filt$0 00000001800595d0 f   MSVCRT:pesect.obj
